<html>
<body>
<pre>
<h1>礦ision Build Log</h1>
<h2>Tool Versions:</h2>
IDE-Version: μVision V5.18.0.0
Copyright (C) 2016 ARM Ltd and ARM Germany GmbH. All rights reserved.
License Information: 1 Administrator, 1, LIC=LSNXV-P7B14-Y82FK-ZCPDI-RV7Y1-8M1PM
 
Tool Versions:
Toolchain:       MDK-ARM Standard  Version: 5.18
Toolchain Path:  E:\Kile 5\kile\ARM\ARMCC\Bin
C Compiler:      Armcc.exe V5.06 update 1 (build 61)
Assembler:       Armasm.exe V5.06 update 1 (build 61)
Linker/Locator:  ArmLink.exe V5.06 update 1 (build 61)
Library Manager: ArmAr.exe V5.06 update 1 (build 61)
Hex Converter:   FromElf.exe V5.06 update 1 (build 61)
CPU DLL:         SARMCM3.DLL V5.18
Dialog DLL:      DARMSTM.DLL V1.65.0.0
Target DLL:      STLink\ST-LINKIII-KEIL_SWO.dll V2.0.18.0
Dialog DLL:      TARMSTM.DLL V1.64.0.0
 
<h2>Project:</h2>
C:\Users\Administrator\Desktop\18组\9 程序\心率血氧\USER\程序.uvprojx
Project File Date:  12/26/2023

<h2>Output:</h2>
*** Using Compiler 'V5.06 update 1 (build 61)', folder: 'E:\Kile 5\kile\ARM\ARMCC\Bin'
Rebuild target 'Target 1'
compiling max30102.c...
..\HARDWARE\MAX30102\max30102.c(185): warning:  #223-D: function "printf" declared implicitly
          printf("read fifo failed");
..\HARDWARE\MAX30102\max30102.c: 1 warning, 0 errors
compiling algorithm.c...
..\HARDWARE\MAX30102\algorithm.c(58): warning:  #68-D: integer conversion resulted in a change of sign
          an_x[k] = -1 * (pun_ir_buffer[k] - un_ir_mean) ;
..\HARDWARE\MAX30102\algorithm.c(37): warning:  #177-D: variable "un_only_once" was declared but never referenced
      uint32_t un_ir_mean, un_only_once ;
..\HARDWARE\MAX30102\algorithm.c(39): warning:  #177-D: variable "s" was declared but never referenced
      int32_t i, s, m, n_exact_ir_valley_locs_count, n_middle_idx;
..\HARDWARE\MAX30102\algorithm.c(39): warning:  #177-D: variable "m" was declared but never referenced
      int32_t i, s, m, n_exact_ir_valley_locs_count, n_middle_idx;
..\HARDWARE\MAX30102\algorithm.c(40): warning:  #177-D: variable "n_c_min" was declared but never referenced
      int32_t n_th1, n_npks, n_c_min;
..\HARDWARE\MAX30102\algorithm.c(199): warning:  #177-D: variable "n_width" was declared but never referenced
      int32_t i = 1, n_width, riseFound = 0, holdOff1 = 0, holdOff2 = 0, holdOffThresh = 4;
..\HARDWARE\MAX30102\algorithm.c: 6 warnings, 0 errors
compiling system_stm32f10x.c...
compiling myiic.c...
compiling LCD1602.c...
compiling stm32f10x_it.c...
compiling main.c...
main.c(135): warning:  #223-D: function "printf" declared implicitly
      printf("Welcome to FreeRTOS,CoreClock:%d\r\n",SystemCoreClock);
main.c(435): warning:  #111-D: statement is unreachable
          vTaskDelay(500);
main.c: 2 warnings, 0 errors
compiling GPIO.c...
assembling startup_stm32f10x_hd.s...
compiling usart1_dma.c...
compiling sys.c...
compiling delay.c...
compiling stm32f10x_rcc.c...
compiling stm32f10x_gpio.c...
compiling stm32f10x_usart.c...
compiling core_cm3.c...
compiling stm32f10x_exti.c...
compiling croutine.c...
compiling event_groups.c...
compiling stm32f10x_dbgmcu.c...
compiling misc.c...
compiling stm32f10x_dma.c...
compiling stm32f10x_tim.c...
compiling list.c...
compiling tasks.c...
compiling queue.c...
compiling heap_4.c...
compiling timers.c...
compiling stream_buffer.c...
compiling port.c...
linking...
Program Size: Code=19652 RO-data=520 RW-data=248 ZI-data=22624  
FromELF: creating hex file...
"..\OBJ\程序.axf" - 0 Error(s), 9 Warning(s).

<h2>Collection of Component include folders:</h2>
  C:\Users\Administrator\Desktop\18组\9 程序\心率血氧\USER\RTE
  E:\Kile 5\kile\ARM\PACK\Keil\STM32F1xx_DFP\2.4.1\Device\Include

<h2>Collection of Component Files used:</h2>
Build Time Elapsed:  00:00:05
</pre>
</body>
</html>
