Component: ARM Compiler 5.06 update 1 (build 61) Tool: armlink [4d35a8]

==============================================================================

Section Cross References

    main.o(.text) refers to delay.o(.text) for delay_ms
    main.o(.text) refers to lcd1602.o(.text) for LCD_Write_Com
    main.o(.text) refers to main.o(.data) for setn
    main.o(.text) refers to tasks.o(.text) for vTaskDelay
    main.o(.text) refers to max30102.o(.text) for maxim_max30102_read_fifo
    main.o(.text) refers to algorithm.o(.text) for maxim_heart_rate_and_oxygen_saturation
    main.o(.text) refers to ffltui.o(.text) for __aeabi_ui2f
    main.o(.text) refers to fdiv.o(.text) for __aeabi_fdiv
    main.o(.text) refers to fmul.o(.text) for __aeabi_fmul
    main.o(.text) refers to fadd.o(.text) for __aeabi_fsub
    main.o(.text) refers to cfcmple.o(.text) for __aeabi_cfcmple
    main.o(.text) refers to ffixi.o(.text) for __aeabi_f2iz
    main.o(.text) refers to main.o(.bss) for aun_red_buffer
    main.o(.text) refers to port.o(.text) for vPortEnterCritical
    main.o(.text) refers to sys.o(.text) for NVIC_Configuration
    main.o(.text) refers to gpio.o(.text) for Key_Init
    main.o(.text) refers to myiic.o(.text) for bsp_InitI2C
    main.o(.text) refers to system_stm32f10x.o(.data) for SystemCoreClock
    main.o(.text) refers to printf1.o(i.__0printf$1) for __2printf
    system_stm32f10x.o(.text) refers to system_stm32f10x.o(.data) for SystemCoreClock
    myiic.o(.text) refers to stm32f10x_rcc.o(.text) for RCC_APB2PeriphClockCmd
    myiic.o(.text) refers to stm32f10x_gpio.o(.text) for GPIO_Init
    algorithm.o(.text) refers to algorithm.o(.bss) for an_x
    algorithm.o(.text) refers to algorithm.o(.constdata) for uch_spo2_table
    max30102.o(.text) refers to myiic.o(.text) for i2c_Start
    max30102.o(.text) refers to printf1.o(i.__0printf$1) for __2printf
    lcd1602.o(.text) refers to delay.o(.text) for delay_us
    lcd1602.o(.text) refers to stm32f10x_gpio.o(.text) for GPIO_Write
    lcd1602.o(.text) refers to stm32f10x_rcc.o(.text) for RCC_APB2PeriphClockCmd
    gpio.o(.text) refers to stm32f10x_rcc.o(.text) for RCC_APB2PeriphClockCmd
    gpio.o(.text) refers to stm32f10x_gpio.o(.text) for GPIO_Init
    sys.o(.text) refers to misc.o(.text) for NVIC_PriorityGroupConfig
    usart1_dma.o(.text) refers to stm32f10x_rcc.o(.text) for RCC_APB2PeriphClockCmd
    usart1_dma.o(.text) refers to stm32f10x_gpio.o(.text) for GPIO_Init
    usart1_dma.o(.text) refers to stm32f10x_usart.o(.text) for USART_Init
    usart1_dma.o(.text) refers to misc.o(.text) for NVIC_Init
    usart1_dma.o(.text) refers to stm32f10x_dma.o(.text) for DMA_DeInit
    usart1_dma.o(.text) refers to memcpya.o(.text) for __aeabi_memcpy
    usart1_dma.o(.text) refers to usart1_dma.o(.bss) for USART1_SEND_DATA
    usart1_dma.o(.text) refers to usart1_dma.o(.data) for USART1_TX_BUSY
    delay.o(.text) refers to misc.o(.text) for SysTick_CLKSourceConfig
    delay.o(.text) refers to system_stm32f10x.o(.data) for SystemCoreClock
    delay.o(.text) refers to delay.o(.data) for fac_us
    startup_stm32f10x_hd.o(RESET) refers to startup_stm32f10x_hd.o(STACK) for __initial_sp
    startup_stm32f10x_hd.o(RESET) refers to startup_stm32f10x_hd.o(.text) for Reset_Handler
    startup_stm32f10x_hd.o(RESET) refers to stm32f10x_it.o(.text) for NMI_Handler
    startup_stm32f10x_hd.o(RESET) refers to port.o(.emb_text) for SVC_Handler
    startup_stm32f10x_hd.o(RESET) refers to usart1_dma.o(.text) for DMA1_Channel4_IRQHandler
    startup_stm32f10x_hd.o(.text) refers to system_stm32f10x.o(.text) for SystemInit
    startup_stm32f10x_hd.o(.text) refers to entry.o(.ARM.Collect$$$$00000000) for __main
    stm32f10x_gpio.o(.text) refers to stm32f10x_rcc.o(.text) for RCC_APB2PeriphResetCmd
    stm32f10x_rcc.o(.text) refers to stm32f10x_rcc.o(.data) for APBAHBPrescTable
    stm32f10x_usart.o(.text) refers to stm32f10x_rcc.o(.text) for RCC_APB2PeriphResetCmd
    stm32f10x_tim.o(.text) refers to stm32f10x_rcc.o(.text) for RCC_APB2PeriphResetCmd
    event_groups.o(.text) refers to heap_4.o(.text) for pvPortMalloc
    event_groups.o(.text) refers to list.o(.text) for vListInitialise
    event_groups.o(.text) refers to tasks.o(.text) for vTaskSuspendAll
    event_groups.o(.text) refers to port.o(.text) for vPortEnterCritical
    queue.o(.text) refers to port.o(.text) for vPortEnterCritical
    queue.o(.text) refers to tasks.o(.text) for xTaskRemoveFromEventList
    queue.o(.text) refers to list.o(.text) for vListInitialise
    queue.o(.text) refers to heap_4.o(.text) for pvPortMalloc
    queue.o(.text) refers to memcpya.o(.text) for __aeabi_memcpy
    stream_buffer.o(.text) refers to memseta.o(.text) for __aeabi_memclr4
    stream_buffer.o(.text) refers to heap_4.o(.text) for pvPortMalloc
    stream_buffer.o(.text) refers to port.o(.text) for vPortEnterCritical
    stream_buffer.o(.text) refers to memcpya.o(.text) for __aeabi_memcpy
[...]
    tasks.o(.text) refers to tasks.o(.bss) for pxReadyTasksLists
    tasks.o(.text) refers to tasks.o(.data) for pxDelayedTaskList
    heap_4.o(.text) refers to tasks.o(.text) for vTaskSuspendAll
    heap_4.o(.text) refers to memseta.o(.text) for __aeabi_memclr
    heap_4.o(.text) refers to port.o(.text) for vPortEnterCritical
    heap_4.o(.text) refers to heap_4.o(.data) for xStart
    heap_4.o(.text) refers to heap_4.o(.bss) for ucHeap
    port.o(.emb_text) refers to tasks.o(.text) for vTaskSwitchContext
    port.o(.emb_text) refers to tasks.o(.data) for pxCurrentTCB
    port.o(.text) refers to port.o(.emb_text) for __asm___6_port_c_39a90d8d__prvStartFirstTask
    port.o(.text) refers to tasks.o(.text) for xTaskIncrementTick
    port.o(.text) refers to port.o(.data) for uxCriticalNesting
    entry.o(.ARM.Collect$$$$00000000) refers (Special) to entry10a.o(.ARM.Collect$$$$0000000D) for __rt_final_cpp
    entry.o(.ARM.Collect$$$$00000000) refers (Special) to entry11a.o(.ARM.Collect$$$$0000000F) for __rt_final_exit
    entry.o(.ARM.Collect$$$$00000000) refers (Special) to entry7b.o(.ARM.Collect$$$$00000008) for _main_clock
    entry.o(.ARM.Collect$$$$00000000) refers (Special) to entry8b.o(.ARM.Collect$$$$0000000A) for _main_cpp_init
    entry.o(.ARM.Collect$$$$00000000) refers (Special) to entry9a.o(.ARM.Collect$$$$0000000B) for _main_init
    entry.o(.ARM.Collect$$$$00000000) refers (Special) to entry5.o(.ARM.Collect$$$$00000004) for _main_scatterload
    entry.o(.ARM.Collect$$$$00000000) refers (Special) to entry2.o(.ARM.Collect$$$$00000001) for _main_stk
    printfb.o(i.__0fprintf$bare) refers to printfb.o(i._printf_core) for _printf_core
    printfb.o(i.__0fprintf$bare) refers to usart1_dma.o(.text) for fputc
    printfb.o(i.__0printf$bare) refers to printfb.o(i._printf_core) for _printf_core
    printfb.o(i.__0printf$bare) refers to usart1_dma.o(.text) for fputc
    printfb.o(i.__0printf$bare) refers to usart1_dma.o(.data) for __stdout
    printfb.o(i.__0snprintf$bare) refers to printfb.o(i._printf_core) for _printf_core
    printfb.o(i.__0snprintf$bare) refers to printfb.o(i._snputc) for _snputc
    printfb.o(i.__0sprintf$bare) refers to printfb.o(i._printf_core) for _printf_core
    printfb.o(i.__0sprintf$bare) refers to printfb.o(i._sputc) for _sputc
    printfb.o(i.__0vfprintf$bare) refers to printfb.o(i._printf_core) for _printf_core
    printfb.o(i.__0vfprintf$bare) refers to usart1_dma.o(.text) for fputc
    printfb.o(i.__0vprintf$bare) refers to printfb.o(i._printf_core) for _printf_core
    printfb.o(i.__0vprintf$bare) refers to usart1_dma.o(.text) for fputc
    printfb.o(i.__0vprintf$bare) refers to usart1_dma.o(.data) for __stdout
    printfb.o(i.__0vsnprintf$bare) refers to printfb.o(i._printf_core) for _printf_core
    printfb.o(i.__0vsnprintf$bare) refers to printfb.o(i._snputc) for _snputc
    printfb.o(i.__0vsprintf$bare) refers to printfb.o(i._printf_core) for _printf_core
    printfb.o(i.__0vsprintf$bare) refers to printfb.o(i._sputc) for _sputc
    printf0.o(i.__0fprintf$0) refers to printf0.o(i._printf_core) for _printf_core
    printf0.o(i.__0fprintf$0) refers to usart1_dma.o(.text) for fputc
    printf0.o(i.__0printf$0) refers to printf0.o(i._printf_core) for _printf_core
    printf0.o(i.__0printf$0) refers to usart1_dma.o(.text) for fputc
    printf0.o(i.__0printf$0) refers to usart1_dma.o(.data) for __stdout
    printf0.o(i.__0snprintf$0) refers to printf0.o(i._printf_core) for _printf_core
    printf0.o(i.__0snprintf$0) refers to printf0.o(i._snputc) for _snputc
    printf0.o(i.__0sprintf$0) refers to printf0.o(i._printf_core) for _printf_core
    printf0.o(i.__0sprintf$0) refers to printf0.o(i._sputc) for _sputc
    printf0.o(i.__0vfprintf$0) refers to printf0.o(i._printf_core) for _printf_core
    printf0.o(i.__0vfprintf$0) refers to usart1_dma.o(.text) for fputc
    printf0.o(i.__0vprintf$0) refers to printf0.o(i._printf_core) for _printf_core
    printf0.o(i.__0vprintf$0) refers to usart1_dma.o(.text) for fputc
    printf0.o(i.__0vprintf$0) refers to usart1_dma.o(.data) for __stdout
    printf0.o(i.__0vsnprintf$0) refers to printf0.o(i._printf_core) for _printf_core
    printf0.o(i.__0vsnprintf$0) refers to printf0.o(i._snputc) for _snputc
    printf0.o(i.__0vsprintf$0) refers to printf0.o(i._printf_core) for _printf_core
    printf0.o(i.__0vsprintf$0) refers to printf0.o(i._sputc) for _sputc
    printf1.o(i.__0fprintf$1) refers to printf1.o(i._printf_core) for _printf_core
    printf1.o(i.__0fprintf$1) refers to usart1_dma.o(.text) for fputc
    printf1.o(i.__0printf$1) refers to printf1.o(i._printf_core) for _printf_core
    printf1.o(i.__0printf$1) refers to usart1_dma.o(.text) for fputc
    printf1.o(i.__0printf$1) refers to usart1_dma.o(.data) for __stdout
    printf1.o(i.__0snprintf$1) refers to printf1.o(i._printf_core) for _printf_core
    printf1.o(i.__0snprintf$1) refers to printf1.o(i._snputc) for _snputc
    printf1.o(i.__0sprintf$1) refers to printf1.o(i._printf_core) for _printf_core
    printf1.o(i.__0sprintf$1) refers to printf1.o(i._sputc) for _sputc
    printf1.o(i.__0vfprintf$1) refers to printf1.o(i._printf_core) for _printf_core
    printf1.o(i.__0vfprintf$1) refers to usart1_dma.o(.text) for fputc
    printf1.o(i.__0vprintf$1) refers to printf1.o(i._printf_core) for _printf_core
    printf1.o(i.__0vprintf$1) refers to usart1_dma.o(.text) for fputc
    printf1.o(i.__0vprintf$1) refers to usart1_dma.o(.data) for __stdout
    printf1.o(i.__0vsnprintf$1) refers to printf1.o(i._printf_core) for _printf_core
    printf1.o(i.__0vsnprintf$1) refers to printf1.o(i._snputc) for _snputc
    printf1.o(i.__0vsprintf$1) refers to printf1.o(i._printf_core) for _printf_core
    printf1.o(i.__0vsprintf$1) refers to printf1.o(i._sputc) for _sputc
    printf1.o(i._printf_core) refers to uidiv.o(.text) for __aeabi_uidivmod
    printf2.o(i.__0fprintf$2) refers to printf2.o(i._printf_core) for _printf_core
    printf2.o(i.__0fprintf$2) refers to usart1_dma.o(.text) for fputc
    printf2.o(i.__0printf$2) refers to printf2.o(i._printf_core) for _printf_core
    printf2.o(i.__0printf$2) refers to usart1_dma.o(.text) for fputc
    printf2.o(i.__0printf$2) refers to usart1_dma.o(.data) for __stdout
    printf2.o(i.__0snprintf$2) refers to printf2.o(i._printf_core) for _printf_core
    printf2.o(i.__0snprintf$2) refers to printf2.o(i._snputc) for _snputc
    printf2.o(i.__0sprintf$2) refers to printf2.o(i._printf_core) for _printf_core
    printf2.o(i.__0sprintf$2) refers to printf2.o(i._sputc) for _sputc
    printf2.o(i.__0vfprintf$2) refers to printf2.o(i._printf_core) for _printf_core
    printf2.o(i.__0vfprintf$2) refers to usart1_dma.o(.text) for fputc
    printf2.o(i.__0vprintf$2) refers to printf2.o(i._printf_core) for _printf_core
    printf2.o(i.__0vprintf$2) refers to usart1_dma.o(.text) for fputc
    printf2.o(i.__0vprintf$2) refers to usart1_dma.o(.data) for __stdout
    printf2.o(i.__0vsnprintf$2) refers to printf2.o(i._printf_core) for _printf_core
    printf2.o(i.__0vsnprintf$2) refers to printf2.o(i._snputc) for _snputc
    printf2.o(i.__0vsprintf$2) refers to printf2.o(i._printf_core) for _printf_core
    printf2.o(i.__0vsprintf$2) refers to printf2.o(i._sputc) for _sputc
    printf3.o(i.__0fprintf$3) refers to printf3.o(i._printf_core) for _printf_core
    printf3.o(i.__0fprintf$3) refers to usart1_dma.o(.text) for fputc
    printf3.o(i.__0printf$3) refers to printf3.o(i._printf_core) for _printf_core
    printf3.o(i.__0printf$3) refers to usart1_dma.o(.text) for fputc
    printf3.o(i.__0printf$3) refers to usart1_dma.o(.data) for __stdout
    printf3.o(i.__0snprintf$3) refers to printf3.o(i._printf_core) for _printf_core
    printf3.o(i.__0snprintf$3) refers to printf3.o(i._snputc) for _snputc
    printf3.o(i.__0sprintf$3) refers to printf3.o(i._printf_core) for _printf_core
    printf3.o(i.__0sprintf$3) refers to printf3.o(i._sputc) for _sputc
    printf3.o(i.__0vfprintf$3) refers to printf3.o(i._printf_core) for _printf_core
    printf3.o(i.__0vfprintf$3) refers to usart1_dma.o(.text) for fputc
    printf3.o(i.__0vprintf$3) refers to printf3.o(i._printf_core) for _printf_core
    printf3.o(i.__0vprintf$3) refers to usart1_dma.o(.text) for fputc
    printf3.o(i.__0vprintf$3) refers to usart1_dma.o(.data) for __stdout
    printf3.o(i.__0vsnprintf$3) refers to printf3.o(i._printf_core) for _printf_core
    printf3.o(i.__0vsnprintf$3) refers to printf3.o(i._snputc) for _snputc
    printf3.o(i.__0vsprintf$3) refers to printf3.o(i._printf_core) for _printf_core
    printf3.o(i.__0vsprintf$3) refers to printf3.o(i._sputc) for _sputc
    printf3.o(i._printf_core) refers to uidiv.o(.text) for __aeabi_uidivmod
    printf4.o(i.__0fprintf$4) refers to printf4.o(i._printf_core) for _printf_core
    printf4.o(i.__0fprintf$4) refers to usart1_dma.o(.text) for fputc
    printf4.o(i.__0printf$4) refers to printf4.o(i._printf_core) for _printf_core
    printf4.o(i.__0printf$4) refers to usart1_dma.o(.text) for fputc
    printf4.o(i.__0printf$4) refers to usart1_dma.o(.data) for __stdout
    printf4.o(i.__0snprintf$4) refers to printf4.o(i._printf_core) for _printf_core
    printf4.o(i.__0snprintf$4) refers to printf4.o(i._snputc) for _snputc
    printf4.o(i.__0sprintf$4) refers to printf4.o(i._printf_core) for _printf_core
    printf4.o(i.__0sprintf$4) refers to printf4.o(i._sputc) for _sputc
    printf4.o(i.__0vfprintf$4) refers to printf4.o(i._printf_core) for _printf_core
    printf4.o(i.__0vfprintf$4) refers to usart1_dma.o(.text) for fputc
    printf4.o(i.__0vprintf$4) refers to printf4.o(i._printf_core) for _printf_core
    printf4.o(i.__0vprintf$4) refers to usart1_dma.o(.text) for fputc
    printf4.o(i.__0vprintf$4) refers to usart1_dma.o(.data) for __stdout
    printf4.o(i.__0vsnprintf$4) refers to printf4.o(i._printf_core) for _printf_core
    printf4.o(i.__0vsnprintf$4) refers to printf4.o(i._snputc) for _snputc
    printf4.o(i.__0vsprintf$4) refers to printf4.o(i._printf_core) for _printf_core
    printf4.o(i.__0vsprintf$4) refers to printf4.o(i._sputc) for _sputc
    printf4.o(i._printf_core) refers to uldiv.o(.text) for __aeabi_uldivmod
    printf5.o(i.__0fprintf$5) refers to printf5.o(i._printf_core) for _printf_core
    printf5.o(i.__0fprintf$5) refers to usart1_dma.o(.text) for fputc
    printf5.o(i.__0printf$5) refers to printf5.o(i._printf_core) for _printf_core
    printf5.o(i.__0printf$5) refers to usart1_dma.o(.text) for fputc
    printf5.o(i.__0printf$5) refers to usart1_dma.o(.data) for __stdout
    printf5.o(i.__0snprintf$5) refers to printf5.o(i._printf_core) for _printf_core
    printf5.o(i.__0snprintf$5) refers to printf5.o(i._snputc) for _snputc
    printf5.o(i.__0sprintf$5) refers to printf5.o(i._printf_core) for _printf_core
    printf5.o(i.__0sprintf$5) refers to printf5.o(i._sputc) for _sputc
    printf5.o(i.__0vfprintf$5) refers to printf5.o(i._printf_core) for _printf_core
    printf5.o(i.__0vfprintf$5) refers to usart1_dma.o(.text) for fputc
    printf5.o(i.__0vprintf$5) refers to printf5.o(i._printf_core) for _printf_core
    printf5.o(i.__0vprintf$5) refers to usart1_dma.o(.text) for fputc
    printf5.o(i.__0vprintf$5) refers to usart1_dma.o(.data) for __stdout
    printf5.o(i.__0vsnprintf$5) refers to printf5.o(i._printf_core) for _printf_core
    printf5.o(i.__0vsnprintf$5) refers to printf5.o(i._snputc) for _snputc
    printf5.o(i.__0vsprintf$5) refers to printf5.o(i._printf_core) for _printf_core
    printf5.o(i.__0vsprintf$5) refers to printf5.o(i._sputc) for _sputc
    printf5.o(i._printf_core) refers to uldiv.o(.text) for __aeabi_uldivmod
    printf6.o(i.__0fprintf$6) refers to printf6.o(i._printf_core) for _printf_core
    printf6.o(i.__0fprintf$6) refers to usart1_dma.o(.text) for fputc
    printf6.o(i.__0printf$6) refers to printf6.o(i._printf_core) for _printf_core
    printf6.o(i.__0printf$6) refers to usart1_dma.o(.text) for fputc
    printf6.o(i.__0printf$6) refers to usart1_dma.o(.data) for __stdout
    printf6.o(i.__0snprintf$6) refers to printf6.o(i._printf_core) for _printf_core
    printf6.o(i.__0snprintf$6) refers to printf6.o(i._snputc) for _snputc
    printf6.o(i.__0sprintf$6) refers to printf6.o(i._printf_core) for _printf_core
    printf6.o(i.__0sprintf$6) refers to printf6.o(i._sputc) for _sputc
    printf6.o(i.__0vfprintf$6) refers to printf6.o(i._printf_core) for _printf_core
    printf6.o(i.__0vfprintf$6) refers to usart1_dma.o(.text) for fputc
    printf6.o(i.__0vprintf$6) refers to printf6.o(i._printf_core) for _printf_core
    printf6.o(i.__0vprintf$6) refers to usart1_dma.o(.text) for fputc
    printf6.o(i.__0vprintf$6) refers to usart1_dma.o(.data) for __stdout
    printf6.o(i.__0vsnprintf$6) refers to printf6.o(i._printf_core) for _printf_core
    printf6.o(i.__0vsnprintf$6) refers to printf6.o(i._snputc) for _snputc
    printf6.o(i.__0vsprintf$6) refers to printf6.o(i._printf_core) for _printf_core
    printf6.o(i.__0vsprintf$6) refers to printf6.o(i._sputc) for _sputc
    printf6.o(i._printf_core) refers to printf6.o(i._printf_pre_padding) for _printf_pre_padding
    printf6.o(i._printf_core) refers to uidiv.o(.text) for __aeabi_uidivmod
    printf6.o(i._printf_core) refers to printf6.o(i._printf_post_padding) for _printf_post_padding
    printf7.o(i.__0fprintf$7) refers to printf7.o(i._printf_core) for _printf_core
    printf7.o(i.__0fprintf$7) refers to usart1_dma.o(.text) for fputc
    printf7.o(i.__0printf$7) refers to printf7.o(i._printf_core) for _printf_core
    printf7.o(i.__0printf$7) refers to usart1_dma.o(.text) for fputc
    printf7.o(i.__0printf$7) refers to usart1_dma.o(.data) for __stdout
    printf7.o(i.__0snprintf$7) refers to printf7.o(i._printf_core) for _printf_core
    printf7.o(i.__0snprintf$7) refers to printf7.o(i._snputc) for _snputc
    printf7.o(i.__0sprintf$7) refers to printf7.o(i._printf_core) for _printf_core
    printf7.o(i.__0sprintf$7) refers to printf7.o(i._sputc) for _sputc
    printf7.o(i.__0vfprintf$7) refers to printf7.o(i._printf_core) for _printf_core
    printf7.o(i.__0vfprintf$7) refers to usart1_dma.o(.text) for fputc
    printf7.o(i.__0vprintf$7) refers to printf7.o(i._printf_core) for _printf_core
    printf7.o(i.__0vprintf$7) refers to usart1_dma.o(.text) for fputc
    printf7.o(i.__0vprintf$7) refers to usart1_dma.o(.data) for __stdout
    printf7.o(i.__0vsnprintf$7) refers to printf7.o(i._printf_core) for _printf_core
    printf7.o(i.__0vsnprintf$7) refers to printf7.o(i._snputc) for _snputc
    printf7.o(i.__0vsprintf$7) refers to printf7.o(i._printf_core) for _printf_core
    printf7.o(i.__0vsprintf$7) refers to printf7.o(i._sputc) for _sputc
    printf7.o(i._printf_core) refers to printf7.o(i._printf_pre_padding) for _printf_pre_padding
    printf7.o(i._printf_core) refers to uldiv.o(.text) for __aeabi_uldivmod
    printf7.o(i._printf_core) refers to printf7.o(i._printf_post_padding) for _printf_post_padding
    printf8.o(i.__0fprintf$8) refers to printf8.o(i._printf_core) for _printf_core
    printf8.o(i.__0fprintf$8) refers to usart1_dma.o(.text) for fputc
    printf8.o(i.__0printf$8) refers to printf8.o(i._printf_core) for _printf_core
    printf8.o(i.__0printf$8) refers to usart1_dma.o(.text) for fputc
    printf8.o(i.__0printf$8) refers to usart1_dma.o(.data) for __stdout
    printf8.o(i.__0snprintf$8) refers to printf8.o(i._printf_core) for _printf_core
    printf8.o(i.__0snprintf$8) refers to printf8.o(i._snputc) for _snputc
    printf8.o(i.__0sprintf$8) refers to printf8.o(i._printf_core) for _printf_core
    printf8.o(i.__0sprintf$8) refers to printf8.o(i._sputc) for _sputc
    printf8.o(i.__0vfprintf$8) refers to printf8.o(i._printf_core) for _printf_core
    printf8.o(i.__0vfprintf$8) refers to usart1_dma.o(.text) for fputc
    printf8.o(i.__0vprintf$8) refers to printf8.o(i._printf_core) for _printf_core
    printf8.o(i.__0vprintf$8) refers to usart1_dma.o(.text) for fputc
    printf8.o(i.__0vprintf$8) refers to usart1_dma.o(.data) for __stdout
    printf8.o(i.__0vsnprintf$8) refers to printf8.o(i._printf_core) for _printf_core
    printf8.o(i.__0vsnprintf$8) refers to printf8.o(i._snputc) for _snputc
    printf8.o(i.__0vsprintf$8) refers to printf8.o(i._printf_core) for _printf_core
    printf8.o(i.__0vsprintf$8) refers to printf8.o(i._sputc) for _sputc
    printf8.o(i._printf_core) refers to printf8.o(i._printf_pre_padding) for _printf_pre_padding
    printf8.o(i._printf_core) refers to uldiv.o(.text) for __aeabi_uldivmod
    printf8.o(i._printf_core) refers to printf8.o(i._printf_post_padding) for _printf_post_padding
    printfa.o(i.__0fprintf) refers (Special) to iusefp.o(.text) for __I$use$fp
    printfa.o(i.__0fprintf) refers to printfa.o(i._printf_core) for _printf_core
    printfa.o(i.__0fprintf) refers to usart1_dma.o(.text) for fputc
    printfa.o(i.__0printf) refers (Special) to iusefp.o(.text) for __I$use$fp
    printfa.o(i.__0printf) refers to printfa.o(i._printf_core) for _printf_core
    printfa.o(i.__0printf) refers to usart1_dma.o(.text) for fputc
    printfa.o(i.__0printf) refers to usart1_dma.o(.data) for __stdout
    printfa.o(i.__0snprintf) refers (Special) to iusefp.o(.text) for __I$use$fp
    printfa.o(i.__0snprintf) refers to printfa.o(i._printf_core) for _printf_core
    printfa.o(i.__0snprintf) refers to printfa.o(i._snputc) for _snputc
    printfa.o(i.__0sprintf) refers (Special) to iusefp.o(.text) for __I$use$fp
    printfa.o(i.__0sprintf) refers to printfa.o(i._printf_core) for _printf_core
    printfa.o(i.__0sprintf) refers to printfa.o(i._sputc) for _sputc
    printfa.o(i.__0vfprintf) refers (Special) to iusefp.o(.text) for __I$use$fp
    printfa.o(i.__0vfprintf) refers to printfa.o(i._printf_core) for _printf_core
    printfa.o(i.__0vfprintf) refers to usart1_dma.o(.text) for fputc
    printfa.o(i.__0vprintf) refers (Special) to iusefp.o(.text) for __I$use$fp
    printfa.o(i.__0vprintf) refers to printfa.o(i._printf_core) for _printf_core
    printfa.o(i.__0vprintf) refers to usart1_dma.o(.text) for fputc
    printfa.o(i.__0vprintf) refers to usart1_dma.o(.data) for __stdout
    printfa.o(i.__0vsnprintf) refers (Special) to iusefp.o(.text) for __I$use$fp
    printfa.o(i.__0vsnprintf) refers to printfa.o(i._printf_core) for _printf_core
    printfa.o(i.__0vsnprintf) refers to printfa.o(i._snputc) for _snputc
    printfa.o(i.__0vsprintf) refers (Special) to iusefp.o(.text) for __I$use$fp
    printfa.o(i.__0vsprintf) refers to printfa.o(i._printf_core) for _printf_core
    printfa.o(i.__0vsprintf) refers to printfa.o(i._sputc) for _sputc
    printfa.o(i._fp_digits) refers (Special) to iusefp.o(.text) for __I$use$fp
    printfa.o(i._fp_digits) refers to dmul.o(.text) for __aeabi_dmul
    printfa.o(i._fp_digits) refers to ddiv.o(.text) for __aeabi_ddiv
    printfa.o(i._fp_digits) refers to cdrcmple.o(.text) for __aeabi_cdrcmple
    printfa.o(i._fp_digits) refers to dadd.o(.text) for __aeabi_dadd
    printfa.o(i._fp_digits) refers to dfixul.o(.text) for __aeabi_d2ulz
    printfa.o(i._fp_digits) refers to uldiv.o(.text) for __aeabi_uldivmod
    printfa.o(i._printf_core) refers (Special) to iusefp.o(.text) for __I$use$fp
    printfa.o(i._printf_core) refers to printfa.o(i._printf_pre_padding) for _printf_pre_padding
    printfa.o(i._printf_core) refers to uldiv.o(.text) for __aeabi_uldivmod
    printfa.o(i._printf_core) refers to printfa.o(i._printf_post_padding) for _printf_post_padding
    printfa.o(i._printf_core) refers to printfa.o(i._fp_digits) for _fp_digits
    printfa.o(i._printf_core) refers to uidiv.o(.text) for __aeabi_uidivmod
    printfa.o(i._printf_post_padding) refers (Special) to iusefp.o(.text) for __I$use$fp
    printfa.o(i._printf_pre_padding) refers (Special) to iusefp.o(.text) for __I$use$fp
    printfa.o(i._snputc) refers (Special) to iusefp.o(.text) for __I$use$fp
    printfa.o(i._sputc) refers (Special) to iusefp.o(.text) for __I$use$fp
    fadd.o(.text) refers (Special) to iusefp.o(.text) for __I$use$fp
    fadd.o(.text) refers to fepilogue.o(.text) for _float_epilogue
    fmul.o(.text) refers (Special) to iusefp.o(.text) for __I$use$fp
    fdiv.o(.text) refers (Special) to iusefp.o(.text) for __I$use$fp
    fdiv.o(.text) refers to fepilogue.o(.text) for _float_round
    ffltui.o(.text) refers (Special) to iusefp.o(.text) for __I$use$fp
    ffltui.o(.text) refers to fepilogue.o(.text) for _float_epilogue
    ffixi.o(.text) refers (Special) to iusefp.o(.text) for __I$use$fp
    cfcmple.o(.text) refers (Special) to iusefp.o(.text) for __I$use$fp
    entry2.o(.ARM.Collect$$$$00000001) refers to entry2.o(.ARM.Collect$$$$00002712) for __lit__00000000
    entry2.o(.ARM.Collect$$$$00002712) refers to startup_stm32f10x_hd.o(STACK) for __initial_sp
    entry2.o(__vectab_stack_and_reset_area) refers to startup_stm32f10x_hd.o(STACK) for __initial_sp
    entry2.o(__vectab_stack_and_reset_area) refers to entry.o(.ARM.Collect$$$$00000000) for __main
    entry5.o(.ARM.Collect$$$$00000004) refers to init.o(.text) for __scatterload
    entry9a.o(.ARM.Collect$$$$0000000B) refers to main.o(.text) for main
    entry9b.o(.ARM.Collect$$$$0000000C) refers to main.o(.text) for main
    uldiv.o(.text) refers to llushr.o(.text) for __aeabi_llsr
    uldiv.o(.text) refers to llshl.o(.text) for __aeabi_llsl
    dadd.o(.text) refers to llshl.o(.text) for __aeabi_llsl
    dadd.o(.text) refers to llsshr.o(.text) for __aeabi_lasr
    dadd.o(.text) refers to depilogue.o(.text) for _double_epilogue
    dmul.o(.text) refers to depilogue.o(.text) for _double_epilogue
    ddiv.o(.text) refers to depilogue.o(.text) for _double_round
    dfixul.o(.text) refers to llushr.o(.text) for __aeabi_llsr
    dfixul.o(.text) refers to llshl.o(.text) for __aeabi_llsl
    init.o(.text) refers to entry5.o(.ARM.Collect$$$$00000004) for __main_after_scatterload
    depilogue.o(.text) refers to llshl.o(.text) for __aeabi_llsl
    depilogue.o(.text) refers to llushr.o(.text) for __aeabi_llsr


==============================================================================

Removing Unused input sections from the image.

    Removing core_cm3.o(.emb_text), (32 bytes).
    Removing startup_stm32f10x_hd.o(HEAP), (512 bytes).
    Removing stm32f10x_tim.o(.text), (3610 bytes).
    Removing stm32f10x_exti.o(.text), (284 bytes).
    Removing stm32f10x_dbgmcu.o(.text), (48 bytes).
    Removing event_groups.o(.text), (716 bytes).
    Removing queue.o(.text), (2236 bytes).
    Removing stream_buffer.o(.text), (1592 bytes).
    Removing dadd.o(.text), (334 bytes).
    Removing dmul.o(.text), (228 bytes).
    Removing ddiv.o(.text), (222 bytes).
    Removing dfixul.o(.text), (48 bytes).
    Removing cdrcmple.o(.text), (48 bytes).
    Removing depilogue.o(.text), (186 bytes).

14 unused section(s) (total 10096 bytes) removed from the image.

==============================================================================

Image Symbol Table

    Local Symbols

    Symbol Name                              Value     Ov Type        Size  Object(Section)

    ../clib/microlib/division.c              0x00000000   Number         0  uldiv.o ABSOLUTE
    ../clib/microlib/division.c              0x00000000   Number         0  uidiv.o ABSOLUTE
    ../clib/microlib/init/entry.s            0x00000000   Number         0  entry7b.o ABSOLUTE
    ../clib/microlib/init/entry.s            0x00000000   Number         0  entry5.o ABSOLUTE
    ../clib/microlib/init/entry.s            0x00000000   Number         0  entry8a.o ABSOLUTE
    ../clib/microlib/init/entry.s            0x00000000   Number         0  entry8b.o ABSOLUTE
    ../clib/microlib/init/entry.s            0x00000000   Number         0  entry9a.o ABSOLUTE
    ../clib/microlib/init/entry.s            0x00000000   Number         0  entry10b.o ABSOLUTE
    ../clib/microlib/init/entry.s            0x00000000   Number         0  entry9b.o ABSOLUTE
    ../clib/microlib/init/entry.s            0x00000000   Number         0  entry10a.o ABSOLUTE
    ../clib/microlib/init/entry.s            0x00000000   Number         0  entry2.o ABSOLUTE
    ../clib/microlib/init/entry.s            0x00000000   Number         0  entry11a.o ABSOLUTE
    ../clib/microlib/init/entry.s            0x00000000   Number         0  entry11b.o ABSOLUTE
    ../clib/microlib/init/entry.s            0x00000000   Number         0  entry.o ABSOLUTE
    ../clib/microlib/init/entry.s            0x00000000   Number         0  entry7a.o ABSOLUTE
    ../clib/microlib/longlong.c              0x00000000   Number         0  llshl.o ABSOLUTE
    ../clib/microlib/longlong.c              0x00000000   Number         0  llsshr.o ABSOLUTE
    ../clib/microlib/longlong.c              0x00000000   Number         0  llushr.o ABSOLUTE
    ../clib/microlib/printf/printf.c         0x00000000   Number         0  printf4.o ABSOLUTE
    ../clib/microlib/printf/printf.c         0x00000000   Number         0  printf0.o ABSOLUTE
    ../clib/microlib/printf/printf.c         0x00000000   Number         0  printf1.o ABSOLUTE
    ../clib/microlib/printf/printf.c         0x00000000   Number         0  printf2.o ABSOLUTE
    ../clib/microlib/printf/printf.c         0x00000000   Number         0  printfb.o ABSOLUTE
    ../clib/microlib/printf/printf.c         0x00000000   Number         0  printf3.o ABSOLUTE
    ../clib/microlib/printf/printf.c         0x00000000   Number         0  printf5.o ABSOLUTE
    ../clib/microlib/printf/printf.c         0x00000000   Number         0  printf6.o ABSOLUTE
    ../clib/microlib/printf/printf.c         0x00000000   Number         0  printf7.o ABSOLUTE
    ../clib/microlib/printf/printf.c         0x00000000   Number         0  printf8.o ABSOLUTE
    ../clib/microlib/printf/printf.c         0x00000000   Number         0  printfa.o ABSOLUTE
    ../clib/microlib/printf/stubs.s          0x00000000   Number         0  stubs.o ABSOLUTE
    ../clib/microlib/string/memcpy.c         0x00000000   Number         0  memcpya.o ABSOLUTE
    ../clib/microlib/string/memcpy.c         0x00000000   Number         0  memcpyb.o ABSOLUTE
    ../clib/microlib/string/memset.c         0x00000000   Number         0  memseta.o ABSOLUTE
    ../clib/microlib/stubs.s                 0x00000000   Number         0  useno.o ABSOLUTE
    ../clib/microlib/stubs.s                 0x00000000   Number         0  iusefp.o ABSOLUTE
    ../fplib/microlib/fpadd.c                0x00000000   Number         0  fadd.o ABSOLUTE
    ../fplib/microlib/fpadd.c                0x00000000   Number         0  dadd.o ABSOLUTE
    ../fplib/microlib/fpdiv.c                0x00000000   Number         0  ddiv.o ABSOLUTE
    ../fplib/microlib/fpdiv.c                0x00000000   Number         0  fdiv.o ABSOLUTE
    ../fplib/microlib/fpepilogue.c           0x00000000   Number         0  fepilogue.o ABSOLUTE
    ../fplib/microlib/fpepilogue.c           0x00000000   Number         0  depilogue.o ABSOLUTE
    ../fplib/microlib/fpfix.c                0x00000000   Number         0  dfixul.o ABSOLUTE
    ../fplib/microlib/fpfix.c                0x00000000   Number         0  ffixi.o ABSOLUTE
    ../fplib/microlib/fpflt.c                0x00000000   Number         0  ffltui.o ABSOLUTE
    ../fplib/microlib/fpmul.c                0x00000000   Number         0  dmul.o ABSOLUTE
    ../fplib/microlib/fpmul.c                0x00000000   Number         0  fmul.o ABSOLUTE
    ..\CORE\core_cm3.c                       0x00000000   Number         0  core_cm3.o ABSOLUTE
    ..\CORE\startup_stm32f10x_hd.s           0x00000000   Number         0  startup_stm32f10x_hd.o ABSOLUTE
    ..\FreeRTOS\portable\MemMang\heap_4.c    0x00000000   Number         0  heap_4.o ABSOLUTE
    ..\FreeRTOS\portable\RVDS\ARM_CM3\port.c 0x00000000   Number         0  port.o ABSOLUTE
    ..\FreeRTOS\source\croutine.c            0x00000000   Number         0  croutine.o ABSOLUTE
    ..\FreeRTOS\source\event_groups.c        0x00000000   Number         0  event_groups.o ABSOLUTE
    ..\FreeRTOS\source\list.c                0x00000000   Number         0  list.o ABSOLUTE
    ..\FreeRTOS\source\queue.c               0x00000000   Number         0  queue.o ABSOLUTE
    ..\FreeRTOS\source\stream_buffer.c       0x00000000   Number         0  stream_buffer.o ABSOLUTE
    ..\FreeRTOS\source\tasks.c               0x00000000   Number         0  tasks.o ABSOLUTE
    ..\FreeRTOS\source\timers.c              0x00000000   Number         0  timers.o ABSOLUTE
    ..\HARDWARE\GPIO\GPIO.c                  0x00000000   Number         0  gpio.o ABSOLUTE
    ..\HARDWARE\LCD1602\LCD1602.c            0x00000000   Number         0  lcd1602.o ABSOLUTE
    ..\HARDWARE\MAX30102\algorithm.c         0x00000000   Number         0  algorithm.o ABSOLUTE
    ..\HARDWARE\MAX30102\max30102.c          0x00000000   Number         0  max30102.o ABSOLUTE
    ..\HARDWARE\MAX30102\myiic.c             0x00000000   Number         0  myiic.o ABSOLUTE
    ..\STM32F10x_FWLib\src\misc.c            0x00000000   Number         0  misc.o ABSOLUTE
    ..\STM32F10x_FWLib\src\stm32f10x_dbgmcu.c 0x00000000   Number         0  stm32f10x_dbgmcu.o ABSOLUTE
    ..\STM32F10x_FWLib\src\stm32f10x_dma.c   0x00000000   Number         0  stm32f10x_dma.o ABSOLUTE
    ..\STM32F10x_FWLib\src\stm32f10x_exti.c  0x00000000   Number         0  stm32f10x_exti.o ABSOLUTE
    ..\STM32F10x_FWLib\src\stm32f10x_gpio.c  0x00000000   Number         0  stm32f10x_gpio.o ABSOLUTE
    ..\STM32F10x_FWLib\src\stm32f10x_rcc.c   0x00000000   Number         0  stm32f10x_rcc.o ABSOLUTE
    ..\STM32F10x_FWLib\src\stm32f10x_tim.c   0x00000000   Number         0  stm32f10x_tim.o ABSOLUTE
    ..\STM32F10x_FWLib\src\stm32f10x_usart.c 0x00000000   Number         0  stm32f10x_usart.o ABSOLUTE
    ..\SYSTEM\delay\delay.c                  0x00000000   Number         0  delay.o ABSOLUTE
    ..\SYSTEM\sys\sys.c                      0x00000000   Number         0  sys.o ABSOLUTE
    ..\SYSTEM\usart\usart1_dma.c             0x00000000   Number         0  usart1_dma.o ABSOLUTE
    ..\\CORE\\core_cm3.c                     0x00000000   Number         0  core_cm3.o ABSOLUTE
    ..\\FreeRTOS\\portable\\RVDS\\ARM_CM3\\port.c 0x00000000   Number         0  port.o ABSOLUTE
    cdrcmple.s                               0x00000000   Number         0  cdrcmple.o ABSOLUTE
    cfcmple.s                                0x00000000   Number         0  cfcmple.o ABSOLUTE
    dc.s                                     0x00000000   Number         0  dc.o ABSOLUTE
    handlers.s                               0x00000000   Number         0  handlers.o ABSOLUTE
    init.s                                   0x00000000   Number         0  init.o ABSOLUTE
    main.c                                   0x00000000   Number         0  main.o ABSOLUTE
    stm32f10x_it.c                           0x00000000   Number         0  stm32f10x_it.o ABSOLUTE
    system_stm32f10x.c                       0x00000000   Number         0  system_stm32f10x.o ABSOLUTE
    RESET                                    0x08000000   Section      304  startup_stm32f10x_hd.o(RESET)
    .ARM.Collect$$$$00000000                 0x08000130   Section        0  entry.o(.ARM.Collect$$$$00000000)
    .ARM.Collect$$$$00000001                 0x08000130   Section        4  entry2.o(.ARM.Collect$$$$00000001)
    .ARM.Collect$$$$00000004                 0x08000134   Section        4  entry5.o(.ARM.Collect$$$$00000004)
    .ARM.Collect$$$$00000008                 0x08000138   Section        0  entry7b.o(.ARM.Collect$$$$00000008)
    .ARM.Collect$$$$0000000A                 0x08000138   Section        0  entry8b.o(.ARM.Collect$$$$0000000A)
    .ARM.Collect$$$$0000000B                 0x08000138   Section        8  entry9a.o(.ARM.Collect$$$$0000000B)
    .ARM.Collect$$$$0000000D                 0x08000140   Section        0  entry10a.o(.ARM.Collect$$$$0000000D)
    .ARM.Collect$$$$0000000F                 0x08000140   Section        0  entry11a.o(.ARM.Collect$$$$0000000F)
    .ARM.Collect$$$$00002712                 0x08000140   Section        4  entry2.o(.ARM.Collect$$$$00002712)
    __lit__00000000                          0x08000140   Data           4  entry2.o(.ARM.Collect$$$$00002712)
    .emb_text                                0x08000144   Section      150  port.o(.emb_text)
    .text                                    0x080001dc   Section        0  main.o(.text)
    .text                                    0x08000f98   Section        0  stm32f10x_it.o(.text)
    .text                                    0x08000fac   Section        0  system_stm32f10x.o(.text)
    SetSysClockTo72                          0x08000fad   Thumb Code   214  system_stm32f10x.o(.text)
    SetSysClock                              0x08001083   Thumb Code     8  system_stm32f10x.o(.text)
    .text                                    0x0800118c   Section        0  myiic.o(.text)
    i2c_Delay                                0x0800118d   Thumb Code    14  myiic.o(.text)
    .text                                    0x08001374   Section        0  algorithm.o(.text)
    .text                                    0x080018a4   Section        0  max30102.o(.text)
    .text                                    0x08001adc   Section        0  lcd1602.o(.text)
    .text                                    0x08001d6c   Section        0  gpio.o(.text)
    .text                                    0x08001db8   Section        0  sys.o(.text)
    .text                                    0x08001dc4   Section        0  usart1_dma.o(.text)
    USART1_RX_Finish_IRQ                     0x08001fbf   Thumb Code    82  usart1_dma.o(.text)
    .text                                    0x0800209c   Section        0  delay.o(.text)
    .text                                    0x08002170   Section       36  startup_stm32f10x_hd.o(.text)
    .text                                    0x08002194   Section        0  stm32f10x_gpio.o(.text)
    .text                                    0x080024f0   Section        0  stm32f10x_rcc.o(.text)
    .text                                    0x08002894   Section        0  stm32f10x_usart.o(.text)
    .text                                    0x08002c9c   Section        0  misc.o(.text)
    .text                                    0x08002d78   Section        0  stm32f10x_dma.o(.text)
    .text                                    0x08002fcc   Section        0  list.o(.text)
    .text                                    0x08003060   Section        0  tasks.o(.text)
    prvInitialiseTaskLists                   0x08003061   Thumb Code    70  tasks.o(.text)
    prvAddNewTaskToReadyList                 0x080030a7   Thumb Code   200  tasks.o(.text)
    prvInitialiseNewTask                     0x0800316f   Thumb Code   122  tasks.o(.text)
    prvDeleteTCB                             0x08003251   Thumb Code    18  tasks.o(.text)
    prvResetNextTaskUnblockTime              0x08003263   Thumb Code    40  tasks.o(.text)
    prvAddCurrentTaskToDelayedList           0x08003625   Thumb Code   164  tasks.o(.text)
    prvTaskIsTaskSuspended                   0x08003a11   Thumb Code    56  tasks.o(.text)
    prvCheckTasksWaitingTermination          0x08003ba3   Thumb Code    60  tasks.o(.text)
    prvIdleTask                              0x08003bdf   Thumb Code    32  tasks.o(.text)
    .text                                    0x080045f0   Section        0  heap_4.o(.text)
    prvInsertBlockIntoFreeList               0x080045f1   Thumb Code    96  heap_4.o(.text)
    prvHeapInit                              0x08004651   Thumb Code    90  heap_4.o(.text)
    .text                                    0x08004888   Section        0  port.o(.text)
    prvTaskExitError                         0x08004889   Thumb Code    22  port.o(.text)
    .text                                    0x08004978   Section        0  memcpya.o(.text)
    .text                                    0x0800499c   Section        0  memseta.o(.text)
    .text                                    0x080049c0   Section        0  fadd.o(.text)
    .text                                    0x08004a70   Section        0  fmul.o(.text)
    .text                                    0x08004ad4   Section        0  fdiv.o(.text)
    .text                                    0x08004b50   Section        0  ffltui.o(.text)
    .text                                    0x08004b5a   Section        0  ffixi.o(.text)
    .text                                    0x08004b8c   Section       20  cfcmple.o(.text)
    .text                                    0x08004ba0   Section        0  uidiv.o(.text)
    .text                                    0x08004bcc   Section        0  fepilogue.o(.text)
    .text                                    0x08004bcc   Section        0  iusefp.o(.text)
    .text                                    0x08004c3c   Section       36  init.o(.text)
    i.__0printf$1                            0x08004c60   Section        0  printf1.o(i.__0printf$1)
    i.__scatterload_copy                     0x08004c80   Section       14  handlers.o(i.__scatterload_copy)
    i.__scatterload_null                     0x08004c8e   Section        2  handlers.o(i.__scatterload_null)
    i.__scatterload_zeroinit                 0x08004c90   Section       14  handlers.o(i.__scatterload_zeroinit)
    i._printf_core                           0x08004ca0   Section        0  printf1.o(i._printf_core)
    _printf_core                             0x08004ca1   Thumb Code   336  printf1.o(i._printf_core)
    .constdata                               0x08004df4   Section      184  algorithm.o(.constdata)
    .data                                    0x20000000   Section       97  main.o(.data)
    .data                                    0x20000064   Section       20  system_stm32f10x.o(.data)
    .data                                    0x20000078   Section        8  usart1_dma.o(.data)
    .data                                    0x20000080   Section        4  delay.o(.data)
    fac_us                                   0x20000080   Data           1  delay.o(.data)
    fac_ms                                   0x20000082   Data           2  delay.o(.data)
    .data                                    0x20000084   Section       20  stm32f10x_rcc.o(.data)
    APBAHBPrescTable                         0x20000084   Data          16  stm32f10x_rcc.o(.data)
    ADCPrescTable                            0x20000094   Data           4  stm32f10x_rcc.o(.data)
    .data                                    0x20000098   Section       64  tasks.o(.data)
    pxDelayedTaskList                        0x2000009c   Data           4  tasks.o(.data)
    pxOverflowDelayedTaskList                0x200000a0   Data           4  tasks.o(.data)
    uxDeletedTasksWaitingCleanUp             0x200000a4   Data           4  tasks.o(.data)
    uxCurrentNumberOfTasks                   0x200000a8   Data           4  tasks.o(.data)
    xTickCount                               0x200000ac   Data           4  tasks.o(.data)
    uxTopReadyPriority                       0x200000b0   Data           4  tasks.o(.data)
    xSchedulerRunning                        0x200000b4   Data           4  tasks.o(.data)
    xPendedTicks                             0x200000b8   Data           4  tasks.o(.data)
    xYieldPending                            0x200000bc   Data           4  tasks.o(.data)
    xNumOfOverflows                          0x200000c0   Data           4  tasks.o(.data)
    uxTaskNumber                             0x200000c4   Data           4  tasks.o(.data)
    xNextTaskUnblockTime                     0x200000c8   Data           4  tasks.o(.data)
    xIdleTaskHandle                          0x200000cc   Data           4  tasks.o(.data)
    uxSchedulerSuspended                     0x200000d4   Data           4  tasks.o(.data)
    .data                                    0x200000d8   Section       28  heap_4.o(.data)
    xStart                                   0x200000d8   Data           8  heap_4.o(.data)
    pxEnd                                    0x200000e0   Data           4  heap_4.o(.data)
    xFreeBytesRemaining                      0x200000e4   Data           4  heap_4.o(.data)
    xMinimumEverFreeBytesRemaining           0x200000e8   Data           4  heap_4.o(.data)
    xNumberOfSuccessfulAllocations           0x200000ec   Data           4  heap_4.o(.data)
    xNumberOfSuccessfulFrees                 0x200000f0   Data           4  heap_4.o(.data)
    .data                                    0x200000f4   Section        4  port.o(.data)
    uxCriticalNesting                        0x200000f4   Data           4  port.o(.data)
    .bss                                     0x200000f8   Section     2528  main.o(.bss)
    an_x                                     0x200000f8   Data         600  main.o(.bss)
    an_y                                     0x20000350   Data         600  main.o(.bss)
    .bss                                     0x20000ad8   Section     1200  algorithm.o(.bss)
    an_x                                     0x20000ad8   Data         600  algorithm.o(.bss)
    an_y                                     0x20000d30   Data         600  algorithm.o(.bss)
    .bss                                     0x20000f88   Section      258  usart1_dma.o(.bss)
    .bss                                     0x2000108c   Section      200  tasks.o(.bss)
    pxReadyTasksLists                        0x2000108c   Data         100  tasks.o(.bss)
    xDelayedTaskList1                        0x200010f0   Data          20  tasks.o(.bss)
    xDelayedTaskList2                        0x20001104   Data          20  tasks.o(.bss)
    xPendingReadyList                        0x20001118   Data          20  tasks.o(.bss)
    xTasksWaitingTermination                 0x2000112c   Data          20  tasks.o(.bss)
    xSuspendedTaskList                       0x20001140   Data          20  tasks.o(.bss)
    .bss                                     0x20001154   Section    17408  heap_4.o(.bss)
    ucHeap                                   0x20001154   Data       17408  heap_4.o(.bss)
    STACK                                    0x20005558   Section     1024  startup_stm32f10x_hd.o(STACK)

    Global Symbols

    Symbol Name                              Value     Ov Type        Size  Object(Section)

    BuildAttributes$$THM_ISAv4$P$D$K$B$S$PE$A:L22UL41UL21$X:L11$S22US41US21$IEEE1$IW$USESV6$~STKCKD$USESV7$~SHL$OTIME$ROPI$EBA8$MICROLIB$REQ8$PRES8$EABIv2 0x00000000   Number         0  anon$$obj.o ABSOLUTE
    __ARM_use_no_argv                        0x00000000   Number         0  main.o ABSOLUTE
    __use_no_errno                           0x00000000   Number         0  useno.o ABSOLUTE
    __use_no_exception_handling              0x00000000   Number         0  useno.o ABSOLUTE
    __use_no_fp                              0x00000000   Number         0  useno.o ABSOLUTE
    __use_no_heap                            0x00000000   Number         0  useno.o ABSOLUTE
    __use_no_heap_region                     0x00000000   Number         0  useno.o ABSOLUTE
    __use_no_semihosting                     0x00000000   Number         0  useno.o ABSOLUTE
    __use_no_semihosting_swi                 0x00000000   Number         0  useno.o ABSOLUTE
    __use_no_signal_handling                 0x00000000   Number         0  useno.o ABSOLUTE
    _printf_a                                0x00000000   Number         0  stubs.o ABSOLUTE
    _printf_c                                0x00000000   Number         0  stubs.o ABSOLUTE
    _printf_charcount                        0x00000000   Number         0  stubs.o ABSOLUTE
    _printf_d                                0x00000000   Number         0  stubs.o ABSOLUTE
    _printf_e                                0x00000000   Number         0  stubs.o ABSOLUTE
    _printf_f                                0x00000000   Number         0  stubs.o ABSOLUTE
    _printf_flags                            0x00000000   Number         0  stubs.o ABSOLUTE
    _printf_fp_dec                           0x00000000   Number         0  stubs.o ABSOLUTE
    _printf_fp_hex                           0x00000000   Number         0  stubs.o ABSOLUTE
    _printf_g                                0x00000000   Number         0  stubs.o ABSOLUTE
    _printf_i                                0x00000000   Number         0  stubs.o ABSOLUTE
    _printf_int_dec                          0x00000000   Number         0  stubs.o ABSOLUTE
    _printf_l                                0x00000000   Number         0  stubs.o ABSOLUTE
    _printf_lc                               0x00000000   Number         0  stubs.o ABSOLUTE
    _printf_ll                               0x00000000   Number         0  stubs.o ABSOLUTE
    _printf_lld                              0x00000000   Number         0  stubs.o ABSOLUTE
    _printf_lli                              0x00000000   Number         0  stubs.o ABSOLUTE
    _printf_llo                              0x00000000   Number         0  stubs.o ABSOLUTE
    _printf_llu                              0x00000000   Number         0  stubs.o ABSOLUTE
    _printf_llx                              0x00000000   Number         0  stubs.o ABSOLUTE
    _printf_longlong_dec                     0x00000000   Number         0  stubs.o ABSOLUTE
    _printf_longlong_hex                     0x00000000   Number         0  stubs.o ABSOLUTE
    _printf_longlong_oct                     0x00000000   Number         0  stubs.o ABSOLUTE
    _printf_ls                               0x00000000   Number         0  stubs.o ABSOLUTE
    _printf_mbtowc                           0x00000000   Number         0  stubs.o ABSOLUTE
    _printf_n                                0x00000000   Number         0  stubs.o ABSOLUTE
    _printf_o                                0x00000000   Number         0  stubs.o ABSOLUTE
    _printf_p                                0x00000000   Number         0  stubs.o ABSOLUTE
    _printf_percent                          0x00000000   Number         0  stubs.o ABSOLUTE
    _printf_pre_padding                      0x00000000   Number         0  stubs.o ABSOLUTE
    _printf_return_value                     0x00000000   Number         0  stubs.o ABSOLUTE
    _printf_s                                0x00000000   Number         0  stubs.o ABSOLUTE
    _printf_sizespec                         0x00000000   Number         0  stubs.o ABSOLUTE
    _printf_str                              0x00000000   Number         0  stubs.o ABSOLUTE
    _printf_truncate_signed                  0x00000000   Number         0  stubs.o ABSOLUTE
    _printf_truncate_unsigned                0x00000000   Number         0  stubs.o ABSOLUTE
    _printf_u                                0x00000000   Number         0  stubs.o ABSOLUTE
    _printf_wc                               0x00000000   Number         0  stubs.o ABSOLUTE
    _printf_wctomb                           0x00000000   Number         0  stubs.o ABSOLUTE
    _printf_widthprec                        0x00000000   Number         0  stubs.o ABSOLUTE
    _printf_x                                0x00000000   Number         0  stubs.o ABSOLUTE
    __cpp_initialize__aeabi_                  - Undefined Weak Reference
    __cxa_finalize                            - Undefined Weak Reference
    __decompress                              - Undefined Weak Reference
    _clock_init                               - Undefined Weak Reference
    _microlib_exit                            - Undefined Weak Reference
    __Vectors_Size                           0x00000130   Number         0  startup_stm32f10x_hd.o ABSOLUTE
    __Vectors                                0x08000000   Data           4  startup_stm32f10x_hd.o(RESET)
    __Vectors_End                            0x08000130   Data           0  startup_stm32f10x_hd.o(RESET)
    __main                                   0x08000131   Thumb Code     0  entry.o(.ARM.Collect$$$$00000000)
    _main_stk                                0x08000131   Thumb Code     0  entry2.o(.ARM.Collect$$$$00000001)
    _main_scatterload                        0x08000135   Thumb Code     0  entry5.o(.ARM.Collect$$$$00000004)
    __main_after_scatterload                 0x08000139   Thumb Code     0  entry5.o(.ARM.Collect$$$$00000004)
    _main_clock                              0x08000139   Thumb Code     0  entry7b.o(.ARM.Collect$$$$00000008)
    _main_cpp_init                           0x08000139   Thumb Code     0  entry8b.o(.ARM.Collect$$$$0000000A)
    _main_init                               0x08000139   Thumb Code     0  entry9a.o(.ARM.Collect$$$$0000000B)
    __rt_final_cpp                           0x08000141   Thumb Code     0  entry10a.o(.ARM.Collect$$$$0000000D)
    __rt_final_exit                          0x08000141   Thumb Code     0  entry11a.o(.ARM.Collect$$$$0000000F)
    SVC_Handler                              0x08000145   Thumb Code    32  port.o(.emb_text)
    __asm___6_port_c_39a90d8d__prvStartFirstTask 0x08000169   Thumb Code    28  port.o(.emb_text)
    PendSV_Handler                           0x08000189   Thumb Code    72  port.o(.emb_text)
    vPortGetIPSR                             0x080001d5   Thumb Code     6  port.o(.emb_text)
    BoardInit                                0x080001dd   Thumb Code     2  main.o(.text)
    task3_task                               0x080001df   Thumb Code  1558  main.o(.text)
    task2_task                               0x080007f5   Thumb Code   270  main.o(.text)
    task1_task                               0x08000903   Thumb Code  1298  main.o(.text)
    start_task                               0x08000e15   Thumb Code    88  main.o(.text)
    main                                     0x08000e6d   Thumb Code   248  main.o(.text)
    NMI_Handler                              0x08000f99   Thumb Code     2  stm32f10x_it.o(.text)
    HardFault_Handler                        0x08000f9b   Thumb Code     4  stm32f10x_it.o(.text)
    MemManage_Handler                        0x08000f9f   Thumb Code     4  stm32f10x_it.o(.text)
    BusFault_Handler                         0x08000fa3   Thumb Code     4  stm32f10x_it.o(.text)
    UsageFault_Handler                       0x08000fa7   Thumb Code     4  stm32f10x_it.o(.text)
    DebugMon_Handler                         0x08000fab   Thumb Code     2  stm32f10x_it.o(.text)
    SystemInit                               0x0800108b   Thumb Code    78  system_stm32f10x.o(.text)
    SystemCoreClockUpdate                    0x080010d9   Thumb Code   142  system_stm32f10x.o(.text)
    i2c_Stop                                 0x0800119b   Thumb Code    32  myiic.o(.text)
    bsp_InitI2C                              0x080011bb   Thumb Code    60  myiic.o(.text)
    i2c_Start                                0x080011f7   Thumb Code    40  myiic.o(.text)
    i2c_SendByte                             0x0800121f   Thumb Code    80  myiic.o(.text)
    i2c_ReadByte                             0x0800126f   Thumb Code    62  myiic.o(.text)
    i2c_WaitAck                              0x080012ad   Thumb Code    58  myiic.o(.text)
    i2c_Ack                                  0x080012e7   Thumb Code    44  myiic.o(.text)
    i2c_NAck                                 0x08001313   Thumb Code    38  myiic.o(.text)
    i2c_CheckDevice                          0x08001339   Thumb Code    56  myiic.o(.text)
    maxim_sort_ascend                        0x08001375   Thumb Code    54  algorithm.o(.text)
    maxim_sort_indices_descend               0x080013ab   Thumb Code    64  algorithm.o(.text)
    maxim_remove_close_peaks                 0x080013eb   Thumb Code   114  algorithm.o(.text)
    maxim_peaks_above_min_height             0x0800145d   Thumb Code   170  algorithm.o(.text)
    maxim_find_peaks                         0x08001507   Thumb Code    66  algorithm.o(.text)
    maxim_heart_rate_and_oxygen_saturation   0x08001549   Thumb Code   842  algorithm.o(.text)
    maxim_max30102_write_reg                 0x080018a5   Thumb Code    68  max30102.o(.text)
    maxim_max30102_read_reg                  0x080018e9   Thumb Code    82  max30102.o(.text)
    maxim_max30102_init                      0x0800193b   Thumb Code   160  max30102.o(.text)
    maxim_max30102_read_fifo                 0x080019db   Thumb Code   218  max30102.o(.text)
    maxim_max30102_reset                     0x08001ab5   Thumb Code    20  max30102.o(.text)
    Dao_xu                                   0x08001add   Thumb Code    40  lcd1602.o(.text)
    LCD_Check_Busy                           0x08001b05   Thumb Code    74  lcd1602.o(.text)
    LCD_Write_Com                            0x08001b4f   Thumb Code    90  lcd1602.o(.text)
    LCD_Write_Data                           0x08001ba9   Thumb Code    90  lcd1602.o(.text)
    LCD_Write_String                         0x08001c03   Thumb Code    50  lcd1602.o(.text)
    LCD_Write_Char                           0x08001c35   Thumb Code    40  lcd1602.o(.text)
    LCD1602_write_long                       0x08001c5d   Thumb Code    98  lcd1602.o(.text)
    LCD_Clear                                0x08001cbf   Thumb Code    16  lcd1602.o(.text)
    LCD_Init                                 0x08001ccf   Thumb Code   150  lcd1602.o(.text)
    Key_Init                                 0x08001d6d   Thumb Code    72  gpio.o(.text)
    NVIC_Configuration                       0x08001db9   Thumb Code    12  sys.o(.text)
    sys_exit                                 0x08001dc5   Thumb Code     4  usart1_dma.o(.text)
    fputc                                    0x08001dc9   Thumb Code    24  usart1_dma.o(.text)
    USART1_DMA_Init                          0x08001de1   Thumb Code   422  usart1_dma.o(.text)
    USART1_DMA_Send_Once_Data                0x08001f87   Thumb Code    56  usart1_dma.o(.text)
    USART1_IRQHandler                        0x08002011   Thumb Code    58  usart1_dma.o(.text)
    DMA1_Channel4_IRQHandler                 0x0800204b   Thumb Code    42  usart1_dma.o(.text)
    USART1_Receive_Check                     0x08002075   Thumb Code    10  usart1_dma.o(.text)
    delay_init                               0x0800209d   Thumb Code    50  delay.o(.text)
    delay_us                                 0x080020cf   Thumb Code    72  delay.o(.text)
    delay_ms                                 0x08002117   Thumb Code    72  delay.o(.text)
    Reset_Handler                            0x08002171   Thumb Code     8  startup_stm32f10x_hd.o(.text)
    SysTick_Handler                          0x08002189   Thumb Code     2  startup_stm32f10x_hd.o(.text)
    ADC1_2_IRQHandler                        0x0800218b   Thumb Code     0  startup_stm32f10x_hd.o(.text)
    ADC3_IRQHandler                          0x0800218b   Thumb Code     0  startup_stm32f10x_hd.o(.text)
    CAN1_RX1_IRQHandler                      0x0800218b   Thumb Code     0  startup_stm32f10x_hd.o(.text)
    CAN1_SCE_IRQHandler                      0x0800218b   Thumb Code     0  startup_stm32f10x_hd.o(.text)
    DMA1_Channel1_IRQHandler                 0x0800218b   Thumb Code     0  startup_stm32f10x_hd.o(.text)
    DMA1_Channel2_IRQHandler                 0x0800218b   Thumb Code     0  startup_stm32f10x_hd.o(.text)
    DMA1_Channel3_IRQHandler                 0x0800218b   Thumb Code     0  startup_stm32f10x_hd.o(.text)
    DMA1_Channel5_IRQHandler                 0x0800218b   Thumb Code     0  startup_stm32f10x_hd.o(.text)
    DMA1_Channel6_IRQHandler                 0x0800218b   Thumb Code     0  startup_stm32f10x_hd.o(.text)
    DMA1_Channel7_IRQHandler                 0x0800218b   Thumb Code     0  startup_stm32f10x_hd.o(.text)
    DMA2_Channel1_IRQHandler                 0x0800218b   Thumb Code     0  startup_stm32f10x_hd.o(.text)
    DMA2_Channel2_IRQHandler                 0x0800218b   Thumb Code     0  startup_stm32f10x_hd.o(.text)
    DMA2_Channel3_IRQHandler                 0x0800218b   Thumb Code     0  startup_stm32f10x_hd.o(.text)
    DMA2_Channel4_5_IRQHandler               0x0800218b   Thumb Code     0  startup_stm32f10x_hd.o(.text)
    EXTI0_IRQHandler                         0x0800218b   Thumb Code     0  startup_stm32f10x_hd.o(.text)
    EXTI15_10_IRQHandler                     0x0800218b   Thumb Code     0  startup_stm32f10x_hd.o(.text)
    EXTI1_IRQHandler                         0x0800218b   Thumb Code     0  startup_stm32f10x_hd.o(.text)
    EXTI2_IRQHandler                         0x0800218b   Thumb Code     0  startup_stm32f10x_hd.o(.text)
    EXTI3_IRQHandler                         0x0800218b   Thumb Code     0  startup_stm32f10x_hd.o(.text)
    EXTI4_IRQHandler                         0x0800218b   Thumb Code     0  startup_stm32f10x_hd.o(.text)
    EXTI9_5_IRQHandler                       0x0800218b   Thumb Code     0  startup_stm32f10x_hd.o(.text)
    FLASH_IRQHandler                         0x0800218b   Thumb Code     0  startup_stm32f10x_hd.o(.text)
    FSMC_IRQHandler                          0x0800218b   Thumb Code     0  startup_stm32f10x_hd.o(.text)
    I2C1_ER_IRQHandler                       0x0800218b   Thumb Code     0  startup_stm32f10x_hd.o(.text)
    I2C1_EV_IRQHandler                       0x0800218b   Thumb Code     0  startup_stm32f10x_hd.o(.text)
    I2C2_ER_IRQHandler                       0x0800218b   Thumb Code     0  startup_stm32f10x_hd.o(.text)
    I2C2_EV_IRQHandler                       0x0800218b   Thumb Code     0  startup_stm32f10x_hd.o(.text)
    PVD_IRQHandler                           0x0800218b   Thumb Code     0  startup_stm32f10x_hd.o(.text)
    RCC_IRQHandler                           0x0800218b   Thumb Code     0  startup_stm32f10x_hd.o(.text)
    RTCAlarm_IRQHandler                      0x0800218b   Thumb Code     0  startup_stm32f10x_hd.o(.text)
    RTC_IRQHandler                           0x0800218b   Thumb Code     0  startup_stm32f10x_hd.o(.text)
    SDIO_IRQHandler                          0x0800218b   Thumb Code     0  startup_stm32f10x_hd.o(.text)
    SPI1_IRQHandler                          0x0800218b   Thumb Code     0  startup_stm32f10x_hd.o(.text)
    SPI2_IRQHandler                          0x0800218b   Thumb Code     0  startup_stm32f10x_hd.o(.text)
    SPI3_IRQHandler                          0x0800218b   Thumb Code     0  startup_stm32f10x_hd.o(.text)
    TAMPER_IRQHandler                        0x0800218b   Thumb Code     0  startup_stm32f10x_hd.o(.text)
    TIM1_BRK_IRQHandler                      0x0800218b   Thumb Code     0  startup_stm32f10x_hd.o(.text)
    TIM1_CC_IRQHandler                       0x0800218b   Thumb Code     0  startup_stm32f10x_hd.o(.text)
    TIM1_TRG_COM_IRQHandler                  0x0800218b   Thumb Code     0  startup_stm32f10x_hd.o(.text)
    TIM1_UP_IRQHandler                       0x0800218b   Thumb Code     0  startup_stm32f10x_hd.o(.text)
    TIM2_IRQHandler                          0x0800218b   Thumb Code     0  startup_stm32f10x_hd.o(.text)
    TIM3_IRQHandler                          0x0800218b   Thumb Code     0  startup_stm32f10x_hd.o(.text)
    TIM4_IRQHandler                          0x0800218b   Thumb Code     0  startup_stm32f10x_hd.o(.text)
    TIM5_IRQHandler                          0x0800218b   Thumb Code     0  startup_stm32f10x_hd.o(.text)
    TIM6_IRQHandler                          0x0800218b   Thumb Code     0  startup_stm32f10x_hd.o(.text)
    TIM7_IRQHandler                          0x0800218b   Thumb Code     0  startup_stm32f10x_hd.o(.text)
    TIM8_BRK_IRQHandler                      0x0800218b   Thumb Code     0  startup_stm32f10x_hd.o(.text)
    TIM8_CC_IRQHandler                       0x0800218b   Thumb Code     0  startup_stm32f10x_hd.o(.text)
    TIM8_TRG_COM_IRQHandler                  0x0800218b   Thumb Code     0  startup_stm32f10x_hd.o(.text)
    TIM8_UP_IRQHandler                       0x0800218b   Thumb Code     0  startup_stm32f10x_hd.o(.text)
    UART4_IRQHandler                         0x0800218b   Thumb Code     0  startup_stm32f10x_hd.o(.text)
    UART5_IRQHandler                         0x0800218b   Thumb Code     0  startup_stm32f10x_hd.o(.text)
    USART2_IRQHandler                        0x0800218b   Thumb Code     0  startup_stm32f10x_hd.o(.text)
    USART3_IRQHandler                        0x0800218b   Thumb Code     0  startup_stm32f10x_hd.o(.text)
    USBWakeUp_IRQHandler                     0x0800218b   Thumb Code     0  startup_stm32f10x_hd.o(.text)
    USB_HP_CAN1_TX_IRQHandler                0x0800218b   Thumb Code     0  startup_stm32f10x_hd.o(.text)
    USB_LP_CAN1_RX0_IRQHandler               0x0800218b   Thumb Code     0  startup_stm32f10x_hd.o(.text)
    WWDG_IRQHandler                          0x0800218b   Thumb Code     0  startup_stm32f10x_hd.o(.text)
    GPIO_DeInit                              0x08002195   Thumb Code   172  stm32f10x_gpio.o(.text)
    GPIO_AFIODeInit                          0x08002241   Thumb Code    20  stm32f10x_gpio.o(.text)
    GPIO_Init                                0x08002255   Thumb Code   278  stm32f10x_gpio.o(.text)
    GPIO_StructInit                          0x0800236b   Thumb Code    16  stm32f10x_gpio.o(.text)
    GPIO_ReadInputDataBit                    0x0800237b   Thumb Code    18  stm32f10x_gpio.o(.text)
    GPIO_ReadInputData                       0x0800238d   Thumb Code     8  stm32f10x_gpio.o(.text)
    GPIO_ReadOutputDataBit                   0x08002395   Thumb Code    18  stm32f10x_gpio.o(.text)
    GPIO_ReadOutputData                      0x080023a7   Thumb Code     8  stm32f10x_gpio.o(.text)
    GPIO_SetBits                             0x080023af   Thumb Code     4  stm32f10x_gpio.o(.text)
    GPIO_ResetBits                           0x080023b3   Thumb Code     4  stm32f10x_gpio.o(.text)
    GPIO_WriteBit                            0x080023b7   Thumb Code    10  stm32f10x_gpio.o(.text)
    GPIO_Write                               0x080023c1   Thumb Code     4  stm32f10x_gpio.o(.text)
    GPIO_PinLockConfig                       0x080023c5   Thumb Code    18  stm32f10x_gpio.o(.text)
    GPIO_EventOutputConfig                   0x080023d7   Thumb Code    26  stm32f10x_gpio.o(.text)
    GPIO_EventOutputCmd                      0x080023f1   Thumb Code     6  stm32f10x_gpio.o(.text)
    GPIO_PinRemapConfig                      0x080023f7   Thumb Code   138  stm32f10x_gpio.o(.text)
    GPIO_EXTILineConfig                      0x08002481   Thumb Code    66  stm32f10x_gpio.o(.text)
    GPIO_ETH_MediaInterfaceConfig            0x080024c3   Thumb Code     8  stm32f10x_gpio.o(.text)
    RCC_DeInit                               0x080024f1   Thumb Code    64  stm32f10x_rcc.o(.text)
    RCC_HSEConfig                            0x08002531   Thumb Code    70  stm32f10x_rcc.o(.text)
    RCC_GetFlagStatus                        0x08002577   Thumb Code    56  stm32f10x_rcc.o(.text)
    RCC_WaitForHSEStartUp                    0x080025af   Thumb Code    56  stm32f10x_rcc.o(.text)
    RCC_AdjustHSICalibrationValue            0x080025e7   Thumb Code    20  stm32f10x_rcc.o(.text)
    RCC_HSICmd                               0x080025fb   Thumb Code     6  stm32f10x_rcc.o(.text)
    RCC_PLLConfig                            0x08002601   Thumb Code    24  stm32f10x_rcc.o(.text)
    RCC_PLLCmd                               0x08002619   Thumb Code     6  stm32f10x_rcc.o(.text)
    RCC_SYSCLKConfig                         0x0800261f   Thumb Code    18  stm32f10x_rcc.o(.text)
    RCC_GetSYSCLKSource                      0x08002631   Thumb Code    10  stm32f10x_rcc.o(.text)
    RCC_HCLKConfig                           0x0800263b   Thumb Code    18  stm32f10x_rcc.o(.text)
    RCC_PCLK1Config                          0x0800264d   Thumb Code    18  stm32f10x_rcc.o(.text)
    RCC_PCLK2Config                          0x0800265f   Thumb Code    20  stm32f10x_rcc.o(.text)
    RCC_ITConfig                             0x08002673   Thumb Code    26  stm32f10x_rcc.o(.text)
    RCC_USBCLKConfig                         0x0800268d   Thumb Code     8  stm32f10x_rcc.o(.text)
    RCC_ADCCLKConfig                         0x08002695   Thumb Code    18  stm32f10x_rcc.o(.text)
    RCC_LSEConfig                            0x080026a7   Thumb Code    50  stm32f10x_rcc.o(.text)
    RCC_LSICmd                               0x080026d9   Thumb Code     6  stm32f10x_rcc.o(.text)
    RCC_RTCCLKConfig                         0x080026df   Thumb Code    12  stm32f10x_rcc.o(.text)
    RCC_RTCCLKCmd                            0x080026eb   Thumb Code     8  stm32f10x_rcc.o(.text)
    RCC_GetClocksFreq                        0x080026f3   Thumb Code   192  stm32f10x_rcc.o(.text)
    RCC_AHBPeriphClockCmd                    0x080027b3   Thumb Code    26  stm32f10x_rcc.o(.text)
    RCC_APB2PeriphClockCmd                   0x080027cd   Thumb Code    26  stm32f10x_rcc.o(.text)
    RCC_APB1PeriphClockCmd                   0x080027e7   Thumb Code    26  stm32f10x_rcc.o(.text)
    RCC_APB2PeriphResetCmd                   0x08002801   Thumb Code    26  stm32f10x_rcc.o(.text)
    RCC_APB1PeriphResetCmd                   0x0800281b   Thumb Code    26  stm32f10x_rcc.o(.text)
    RCC_BackupResetCmd                       0x08002835   Thumb Code     8  stm32f10x_rcc.o(.text)
    RCC_ClockSecuritySystemCmd               0x0800283d   Thumb Code     6  stm32f10x_rcc.o(.text)
    RCC_MCOConfig                            0x08002843   Thumb Code     6  stm32f10x_rcc.o(.text)
    RCC_ClearFlag                            0x08002849   Thumb Code    14  stm32f10x_rcc.o(.text)
    RCC_GetITStatus                          0x08002857   Thumb Code    20  stm32f10x_rcc.o(.text)
    RCC_ClearITPendingBit                    0x0800286b   Thumb Code     6  stm32f10x_rcc.o(.text)
    USART_DeInit                             0x08002895   Thumb Code   134  stm32f10x_usart.o(.text)
    USART_Init                               0x0800291b   Thumb Code   210  stm32f10x_usart.o(.text)
    USART_StructInit                         0x080029ed   Thumb Code    24  stm32f10x_usart.o(.text)
    USART_ClockInit                          0x08002a05   Thumb Code    34  stm32f10x_usart.o(.text)
    USART_ClockStructInit                    0x08002a27   Thumb Code    12  stm32f10x_usart.o(.text)
    USART_Cmd                                0x08002a33   Thumb Code    24  stm32f10x_usart.o(.text)
    USART_ITConfig                           0x08002a4b   Thumb Code    74  stm32f10x_usart.o(.text)
    USART_DMACmd                             0x08002a95   Thumb Code    18  stm32f10x_usart.o(.text)
    USART_SetAddress                         0x08002aa7   Thumb Code    18  stm32f10x_usart.o(.text)
    USART_WakeUpConfig                       0x08002ab9   Thumb Code    18  stm32f10x_usart.o(.text)
    USART_ReceiverWakeUpCmd                  0x08002acb   Thumb Code    24  stm32f10x_usart.o(.text)
    USART_LINBreakDetectLengthConfig         0x08002ae3   Thumb Code    18  stm32f10x_usart.o(.text)
    USART_LINCmd                             0x08002af5   Thumb Code    24  stm32f10x_usart.o(.text)
    USART_SendData                           0x08002b0d   Thumb Code     8  stm32f10x_usart.o(.text)
    USART_ReceiveData                        0x08002b15   Thumb Code    10  stm32f10x_usart.o(.text)
    USART_SendBreak                          0x08002b1f   Thumb Code    10  stm32f10x_usart.o(.text)
    USART_SetGuardTime                       0x08002b29   Thumb Code    16  stm32f10x_usart.o(.text)
    USART_SetPrescaler                       0x08002b39   Thumb Code    16  stm32f10x_usart.o(.text)
    USART_SmartCardCmd                       0x08002b49   Thumb Code    24  stm32f10x_usart.o(.text)
    USART_SmartCardNACKCmd                   0x08002b61   Thumb Code    24  stm32f10x_usart.o(.text)
    USART_HalfDuplexCmd                      0x08002b79   Thumb Code    24  stm32f10x_usart.o(.text)
    USART_OverSampling8Cmd                   0x08002b91   Thumb Code    22  stm32f10x_usart.o(.text)
    USART_OneBitMethodCmd                    0x08002ba7   Thumb Code    24  stm32f10x_usart.o(.text)
    USART_IrDAConfig                         0x08002bbf   Thumb Code    18  stm32f10x_usart.o(.text)
    USART_IrDACmd                            0x08002bd1   Thumb Code    24  stm32f10x_usart.o(.text)
    USART_GetFlagStatus                      0x08002be9   Thumb Code    26  stm32f10x_usart.o(.text)
    USART_ClearFlag                          0x08002c03   Thumb Code    18  stm32f10x_usart.o(.text)
    USART_GetITStatus                        0x08002c15   Thumb Code    84  stm32f10x_usart.o(.text)
    USART_ClearITPendingBit                  0x08002c69   Thumb Code    52  stm32f10x_usart.o(.text)
    NVIC_PriorityGroupConfig                 0x08002c9d   Thumb Code    10  misc.o(.text)
    NVIC_Init                                0x08002ca7   Thumb Code   100  misc.o(.text)
    NVIC_SetVectorTable                      0x08002d0b   Thumb Code    14  misc.o(.text)
    NVIC_SystemLPConfig                      0x08002d19   Thumb Code    34  misc.o(.text)
    SysTick_CLKSourceConfig                  0x08002d3b   Thumb Code    40  misc.o(.text)
    DMA_DeInit                               0x08002d79   Thumb Code   324  stm32f10x_dma.o(.text)
    DMA_Init                                 0x08002ebd   Thumb Code    60  stm32f10x_dma.o(.text)
    DMA_StructInit                           0x08002ef9   Thumb Code    26  stm32f10x_dma.o(.text)
    DMA_Cmd                                  0x08002f13   Thumb Code    24  stm32f10x_dma.o(.text)
    DMA_ITConfig                             0x08002f2b   Thumb Code    18  stm32f10x_dma.o(.text)
    DMA_SetCurrDataCounter                   0x08002f3d   Thumb Code     4  stm32f10x_dma.o(.text)
    DMA_GetCurrDataCounter                   0x08002f41   Thumb Code     8  stm32f10x_dma.o(.text)
    DMA_GetFlagStatus                        0x08002f49   Thumb Code    40  stm32f10x_dma.o(.text)
    DMA_ClearFlag                            0x08002f71   Thumb Code    22  stm32f10x_dma.o(.text)
    DMA_GetITStatus                          0x08002f87   Thumb Code    40  stm32f10x_dma.o(.text)
    DMA_ClearITPendingBit                    0x08002faf   Thumb Code    22  stm32f10x_dma.o(.text)
    vListInitialise                          0x08002fcd   Thumb Code    26  list.o(.text)
    vListInitialiseItem                      0x08002fe7   Thumb Code     6  list.o(.text)
    vListInsertEnd                           0x08002fed   Thumb Code    24  list.o(.text)
    vListInsert                              0x08003005   Thumb Code    52  list.o(.text)
    uxListRemove                             0x08003039   Thumb Code    40  list.o(.text)
    xTaskCreate                              0x080031e9   Thumb Code   104  tasks.o(.text)
    vTaskDelete                              0x0800328b   Thumb Code   174  tasks.o(.text)
    xTaskIncrementTick                       0x08003339   Thumb Code   438  tasks.o(.text)
    xTaskResumeAll                           0x080034ef   Thumb Code   310  tasks.o(.text)
    vTaskSuspendAll                          0x080036c9   Thumb Code    12  tasks.o(.text)
    xTaskDelayUntil                          0x080036d5   Thumb Code   108  tasks.o(.text)
    vTaskDelay                               0x08003741   Thumb Code    46  tasks.o(.text)
    uxTaskPriorityGet                        0x0800376f   Thumb Code    30  tasks.o(.text)
    uxTaskPriorityGetFromISR                 0x0800378d   Thumb Code    52  tasks.o(.text)
    vTaskPrioritySet                         0x080037c1   Thumb Code   328  tasks.o(.text)
    vTaskSwitchContext                       0x08003909   Thumb Code    76  tasks.o(.text)
    vTaskSuspend                             0x08003955   Thumb Code   188  tasks.o(.text)
    vTaskResume                              0x08003a49   Thumb Code   156  tasks.o(.text)
    xTaskResumeFromISR                       0x08003ae5   Thumb Code   190  tasks.o(.text)
    vTaskStartScheduler                      0x08003bff   Thumb Code    76  tasks.o(.text)
    vTaskEndScheduler                        0x08003c4b   Thumb Code    32  tasks.o(.text)
    xTaskGetTickCount                        0x08003c6b   Thumb Code     6  tasks.o(.text)
    xTaskGetTickCountFromISR                 0x08003c71   Thumb Code     8  tasks.o(.text)
    uxTaskGetNumberOfTasks                   0x08003c79   Thumb Code     6  tasks.o(.text)
    pcTaskGetName                            0x08003c7f   Thumb Code    20  tasks.o(.text)
    xTaskCatchUpTicks                        0x08003c93   Thumb Code    36  tasks.o(.text)
    vTaskPlaceOnEventList                    0x08003cb7   Thumb Code   110  tasks.o(.text)
    vTaskPlaceOnUnorderedEventList           0x08003d25   Thumb Code    74  tasks.o(.text)
    xTaskRemoveFromEventList                 0x08003d6f   Thumb Code   240  tasks.o(.text)
    vTaskRemoveFromUnorderedEventList        0x08003e5f   Thumb Code   190  tasks.o(.text)
    vTaskSetTimeOutState                     0x08003f1d   Thumb Code    26  tasks.o(.text)
    vTaskInternalSetTimeOutState             0x08003f37   Thumb Code    14  tasks.o(.text)
    xTaskCheckForTimeOut                     0x08003f45   Thumb Code    88  tasks.o(.text)
    vTaskMissedYield                         0x08003f9d   Thumb Code     8  tasks.o(.text)
    xTaskGetCurrentTaskHandle                0x08003fa5   Thumb Code     6  tasks.o(.text)
    uxTaskResetEventItemValue                0x08003fab   Thumb Code    24  tasks.o(.text)
    ulTaskGenericNotifyTake                  0x08003fc3   Thumb Code   128  tasks.o(.text)
    xTaskGenericNotifyWait                   0x08004043   Thumb Code   164  tasks.o(.text)
    xTaskGenericNotify                       0x080040e7   Thumb Code   352  tasks.o(.text)
    xTaskGenericNotifyFromISR                0x08004247   Thumb Code   480  tasks.o(.text)
    vTaskGenericNotifyGiveFromISR            0x08004427   Thumb Code   310  tasks.o(.text)
    xTaskGenericNotifyStateClear             0x0800455d   Thumb Code    58  tasks.o(.text)
    ulTaskGenericNotifyValueClear            0x08004597   Thumb Code    88  tasks.o(.text)
    pvPortMalloc                             0x080046ab   Thumb Code   208  heap_4.o(.text)
    vPortFree                                0x0800477b   Thumb Code    68  heap_4.o(.text)
    xPortGetFreeHeapSize                     0x080047bf   Thumb Code     6  heap_4.o(.text)
    xPortGetMinimumEverFreeHeapSize          0x080047c5   Thumb Code     6  heap_4.o(.text)
    vPortInitialiseBlocks                    0x080047cb   Thumb Code     2  heap_4.o(.text)
    pvPortCalloc                             0x080047cd   Thumb Code    54  heap_4.o(.text)
    vPortGetHeapStats                        0x08004803   Thumb Code   104  heap_4.o(.text)
    pxPortInitialiseStack                    0x0800489f   Thumb Code    30  port.o(.text)
    vPortSetupTimerInterrupt                 0x080048bd   Thumb Code    20  port.o(.text)
    xPortStartScheduler                      0x080048d1   Thumb Code    42  port.o(.text)
    vPortEndScheduler                        0x080048fb   Thumb Code     2  port.o(.text)
    vPortEnterCritical                       0x080048fd   Thumb Code    30  port.o(.text)
    vPortExitCritical                        0x0800491b   Thumb Code    28  port.o(.text)
    xPortSysTickHandler                      0x08004937   Thumb Code    48  port.o(.text)
    __aeabi_memcpy                           0x08004979   Thumb Code    36  memcpya.o(.text)
    __aeabi_memcpy4                          0x08004979   Thumb Code     0  memcpya.o(.text)
    __aeabi_memcpy8                          0x08004979   Thumb Code     0  memcpya.o(.text)
    __aeabi_memset                           0x0800499d   Thumb Code    14  memseta.o(.text)
    __aeabi_memset4                          0x0800499d   Thumb Code     0  memseta.o(.text)
    __aeabi_memset8                          0x0800499d   Thumb Code     0  memseta.o(.text)
    __aeabi_memclr                           0x080049ab   Thumb Code     4  memseta.o(.text)
    __aeabi_memclr4                          0x080049ab   Thumb Code     0  memseta.o(.text)
    __aeabi_memclr8                          0x080049ab   Thumb Code     0  memseta.o(.text)
    _memset$wrapper                          0x080049af   Thumb Code    18  memseta.o(.text)
    __aeabi_fadd                             0x080049c1   Thumb Code   164  fadd.o(.text)
    __aeabi_fsub                             0x08004a65   Thumb Code     6  fadd.o(.text)
    __aeabi_frsub                            0x08004a6b   Thumb Code     6  fadd.o(.text)
    __aeabi_fmul                             0x08004a71   Thumb Code   100  fmul.o(.text)
    __aeabi_fdiv                             0x08004ad5   Thumb Code   124  fdiv.o(.text)
    __aeabi_ui2f                             0x08004b51   Thumb Code    10  ffltui.o(.text)
    __aeabi_f2iz                             0x08004b5b   Thumb Code    50  ffixi.o(.text)
    __aeabi_cfcmpeq                          0x08004b8d   Thumb Code     0  cfcmple.o(.text)
    __aeabi_cfcmple                          0x08004b8d   Thumb Code    20  cfcmple.o(.text)
    __aeabi_uidiv                            0x08004ba1   Thumb Code     0  uidiv.o(.text)
    __aeabi_uidivmod                         0x08004ba1   Thumb Code    44  uidiv.o(.text)
    __I$use$fp                               0x08004bcd   Thumb Code     0  iusefp.o(.text)
    _float_round                             0x08004bcd   Thumb Code    18  fepilogue.o(.text)
    _float_epilogue                          0x08004bdf   Thumb Code    92  fepilogue.o(.text)
    __scatterload                            0x08004c3d   Thumb Code    28  init.o(.text)
    __scatterload_rt2                        0x08004c3d   Thumb Code     0  init.o(.text)
    __0printf$1                              0x08004c61   Thumb Code    22  printf1.o(i.__0printf$1)
    __1printf$1                              0x08004c61   Thumb Code     0  printf1.o(i.__0printf$1)
    __2printf                                0x08004c61   Thumb Code     0  printf1.o(i.__0printf$1)
    __scatterload_copy                       0x08004c81   Thumb Code    14  handlers.o(i.__scatterload_copy)
    __scatterload_null                       0x08004c8f   Thumb Code     2  handlers.o(i.__scatterload_null)
    __scatterload_zeroinit                   0x08004c91   Thumb Code    14  handlers.o(i.__scatterload_zeroinit)
    uch_spo2_table                           0x08004df4   Data         184  algorithm.o(.constdata)
    Region$$Table$$Base                      0x08004eac   Number         0  anon$$obj.o(Region$$Table)
    Region$$Table$$Limit                     0x08004ecc   Number         0  anon$$obj.o(Region$$Table)
    StartTask_Handler                        0x20000000   Data           4  main.o(.data)
    LED0Task_Handler                         0x20000004   Data           4  main.o(.data)
    LED1Task_Handler                         0x20000008   Data           4  main.o(.data)
    n_ir_buffer_length                       0x2000000c   Data           4  main.o(.data)
    n_spo2                                   0x20000010   Data           4  main.o(.data)
    ch_spo2_valid                            0x20000014   Data           1  main.o(.data)
    n_heart_rate                             0x20000018   Data           4  main.o(.data)
    ch_hr_valid                              0x2000001c   Data           1  main.o(.data)
    uch_dummy                                0x2000001d   Data           1  main.o(.data)
    hrSum                                    0x20000020   Data           4  main.o(.data)
    hrAvg                                    0x20000024   Data           4  main.o(.data)
    spo2Sum                                  0x20000028   Data           4  main.o(.data)
    spo2Avg                                  0x2000002c   Data           4  main.o(.data)
    spo2BuffFilled                           0x20000030   Data           4  main.o(.data)
    hrBuffFilled                             0x20000034   Data           4  main.o(.data)
    hrValidCnt                               0x20000038   Data           4  main.o(.data)
    spo2ValidCnt                             0x2000003c   Data           4  main.o(.data)
    hrThrowOutSamp                           0x20000040   Data           4  main.o(.data)
    spo2ThrowOutSamp                         0x20000044   Data           4  main.o(.data)
    spo2Timeout                              0x20000048   Data           4  main.o(.data)
    hrTimeout                                0x2000004c   Data           4  main.o(.data)
    COUNT                                    0x20000050   Data           4  main.o(.data)
    heartrateMax                             0x20000054   Data           4  main.o(.data)
    SpO2Min                                  0x20000058   Data           4  main.o(.data)
    SpO2Max                                  0x2000005c   Data           4  main.o(.data)
    setn                                     0x20000060   Data           1  main.o(.data)
    SystemCoreClock                          0x20000064   Data           4  system_stm32f10x.o(.data)
    AHBPrescTable                            0x20000068   Data          16  system_stm32f10x.o(.data)
    USART1_TX_BUSY                           0x20000078   Data           1  usart1_dma.o(.data)
    __stdout                                 0x2000007c   Data           4  usart1_dma.o(.data)
    pxCurrentTCB                             0x20000098   Data           4  tasks.o(.data)
    uxTopUsedPriority                        0x200000d0   Data           4  tasks.o(.data)
    aun_ir_buffer                            0x200005a8   Data         600  main.o(.bss)
    aun_red_buffer                           0x20000800   Data         600  main.o(.bss)
    hr_buf                                   0x20000a58   Data          64  main.o(.bss)
    spo2_buf                                 0x20000a98   Data          64  main.o(.bss)
    USART1_SEND_DATA                         0x20000f88   Data          64  usart1_dma.o(.bss)
    USART1_RECEIVE_DATA                      0x20000fc8   Data          64  usart1_dma.o(.bss)
    uart1_rx                                 0x20001008   Data          65  usart1_dma.o(.bss)
    uart1_tx                                 0x20001049   Data          65  usart1_dma.o(.bss)
    __initial_sp                             0x20005958   Data           0  startup_stm32f10x_hd.o(STACK)



==============================================================================

Memory Map of the image

  Image Entry point : 0x08000131

  Load Region LR_IROM1 (Base: 0x08000000, Size: 0x00004fc4, Max: 0x00080000, ABSOLUTE)

    Execution Region ER_IROM1 (Base: 0x08000000, Size: 0x00004ecc, Max: 0x00080000, ABSOLUTE)

    Base Addr    Size         Type   Attr      Idx    E Section Name        Object

    0x08000000   0x00000130   Data   RO          298    RESET               startup_stm32f10x_hd.o
    0x08000130   0x00000000   Code   RO          597  * .ARM.Collect$$$$00000000  mc_w.l(entry.o)
    0x08000130   0x00000004   Code   RO          879    .ARM.Collect$$$$00000001  mc_w.l(entry2.o)
    0x08000134   0x00000004   Code   RO          882    .ARM.Collect$$$$00000004  mc_w.l(entry5.o)
    0x08000138   0x00000000   Code   RO          884    .ARM.Collect$$$$00000008  mc_w.l(entry7b.o)
    0x08000138   0x00000000   Code   RO          886    .ARM.Collect$$$$0000000A  mc_w.l(entry8b.o)
    0x08000138   0x00000008   Code   RO          887    .ARM.Collect$$$$0000000B  mc_w.l(entry9a.o)
    0x08000140   0x00000000   Code   RO          889    .ARM.Collect$$$$0000000D  mc_w.l(entry10a.o)
    0x08000140   0x00000000   Code   RO          891    .ARM.Collect$$$$0000000F  mc_w.l(entry11a.o)
    0x08000140   0x00000004   Code   RO          880    .ARM.Collect$$$$00002712  mc_w.l(entry2.o)
    0x08000144   0x00000096   Code   RO          567    .emb_text           port.o
    0x080001da   0x00000002   PAD
    0x080001dc   0x00000dbc   Code   RO            1    .text               main.o
    0x08000f98   0x00000014   Code   RO          119    .text               stm32f10x_it.o
    0x08000fac   0x000001e0   Code   RO          134    .text               system_stm32f10x.o
    0x0800118c   0x000001e8   Code   RO          152    .text               myiic.o
    0x08001374   0x00000530   Code   RO          181    .text               algorithm.o
    0x080018a4   0x00000238   Code   RO          197    .text               max30102.o
    0x08001adc   0x00000290   Code   RO          209    .text               lcd1602.o
    0x08001d6c   0x0000004c   Code   RO          221    .text               gpio.o
    0x08001db8   0x0000000c   Code   RO          233    .text               sys.o
    0x08001dc4   0x000002d8   Code   RO          245    .text               usart1_dma.o
    0x0800209c   0x000000d4   Code   RO          271    .text               delay.o
    0x08002170   0x00000024   Code   RO          299    .text               startup_stm32f10x_hd.o
    0x08002194   0x0000035c   Code   RO          303    .text               stm32f10x_gpio.o
    0x080024f0   0x000003a4   Code   RO          315    .text               stm32f10x_rcc.o
    0x08002894   0x00000408   Code   RO          329    .text               stm32f10x_usart.o
    0x08002c9c   0x000000dc   Code   RO          341    .text               misc.o
    0x08002d78   0x00000254   Code   RO          365    .text               stm32f10x_dma.o
    0x08002fcc   0x00000094   Code   RO          452    .text               list.o
    0x08003060   0x0000158e   Code   RO          512    .text               tasks.o
    0x080045ee   0x00000002   PAD
    0x080045f0   0x00000298   Code   RO          552    .text               heap_4.o
    0x08004888   0x000000f0   Code   RO          568    .text               port.o
    0x08004978   0x00000024   Code   RO          600    .text               mc_w.l(memcpya.o)
    0x0800499c   0x00000024   Code   RO          602    .text               mc_w.l(memseta.o)
    0x080049c0   0x000000b0   Code   RO          867    .text               mf_w.l(fadd.o)
    0x08004a70   0x00000064   Code   RO          869    .text               mf_w.l(fmul.o)
    0x08004ad4   0x0000007c   Code   RO          871    .text               mf_w.l(fdiv.o)
    0x08004b50   0x0000000a   Code   RO          873    .text               mf_w.l(ffltui.o)
    0x08004b5a   0x00000032   Code   RO          875    .text               mf_w.l(ffixi.o)
    0x08004b8c   0x00000014   Code   RO          877    .text               mf_w.l(cfcmple.o)
    0x08004ba0   0x0000002c   Code   RO          893    .text               mc_w.l(uidiv.o)
    0x08004bcc   0x00000000   Code   RO          897    .text               mc_w.l(iusefp.o)
    0x08004bcc   0x0000006e   Code   RO          898    .text               mf_w.l(fepilogue.o)
    0x08004c3a   0x00000002   PAD
    0x08004c3c   0x00000024   Code   RO          910    .text               mc_w.l(init.o)
    0x08004c60   0x00000020   Code   RO          651    i.__0printf$1       mc_w.l(printf1.o)
    0x08004c80   0x0000000e   Code   RO          922    i.__scatterload_copy  mc_w.l(handlers.o)
    0x08004c8e   0x00000002   Code   RO          923    i.__scatterload_null  mc_w.l(handlers.o)
    0x08004c90   0x0000000e   Code   RO          924    i.__scatterload_zeroinit  mc_w.l(handlers.o)
    0x08004c9e   0x00000002   PAD
    0x08004ca0   0x00000154   Code   RO          658    i._printf_core      mc_w.l(printf1.o)
    0x08004df4   0x000000b8   Data   RO          183    .constdata          algorithm.o
    0x08004eac   0x00000020   Data   RO          920    Region$$Table       anon$$obj.o


    Execution Region RW_IRAM1 (Base: 0x20000000, Size: 0x00005958, Max: 0x00010000, ABSOLUTE)

    Base Addr    Size         Type   Attr      Idx    E Section Name        Object

    0x20000000   0x00000061   Data   RW            3    .data               main.o
    0x20000061   0x00000003   PAD
    0x20000064   0x00000014   Data   RW          135    .data               system_stm32f10x.o
    0x20000078   0x00000008   Data   RW          247    .data               usart1_dma.o
    0x20000080   0x00000004   Data   RW          272    .data               delay.o
    0x20000084   0x00000014   Data   RW          316    .data               stm32f10x_rcc.o
    0x20000098   0x00000040   Data   RW          514    .data               tasks.o
    0x200000d8   0x0000001c   Data   RW          554    .data               heap_4.o
    0x200000f4   0x00000004   Data   RW          569    .data               port.o
    0x200000f8   0x000009e0   Zero   RW            2    .bss                main.o
    0x20000ad8   0x000004b0   Zero   RW          182    .bss                algorithm.o
    0x20000f88   0x00000102   Zero   RW          246    .bss                usart1_dma.o
    0x2000108a   0x00000002   PAD
    0x2000108c   0x000000c8   Zero   RW          513    .bss                tasks.o
    0x20001154   0x00004400   Zero   RW          553    .bss                heap_4.o
    0x20005554   0x00000004   PAD
    0x20005558   0x00000400   Zero   RW          296    STACK               startup_stm32f10x_hd.o


==============================================================================

Image component sizes


      Code (inc. data)   RO Data    RW Data    ZI Data      Debug   Object Name

      1328         18        184          0       1200       5282   algorithm.o
         0          0          0          0          0         32   core_cm3.o
       212         18          0          4          0       1035   delay.o
         0          0          0          0          0       2516   event_groups.o
        76          4          0          0          0        499   gpio.o
       664         30          0         28      17408       4691   heap_4.o
       656          8          0          0          0       2495   lcd1602.o
       148          0          0          0          0       1950   list.o
      3516        388          0         97       2528      57249   main.o
       568         20          0          0          0       2441   max30102.o
       220         22          0          0          0       1801   misc.o
       488          4          0          0          0     205488   myiic.o
       390         30          0          4          0       7112   port.o
        36          8        304          0       1024        788   startup_stm32f10x_hd.o
       596          8          0          0          0       4366   stm32f10x_dma.o
       860         38          0          0          0       5733   stm32f10x_gpio.o
        20          0          0          0          0        911   stm32f10x_it.o
       932         36          0         20          0       8900   stm32f10x_rcc.o
      1032         22          0          0          0       8460   stm32f10x_usart.o
        12          0          0          0          0        453   sys.o
       480         38          0         20          0       1739   system_stm32f10x.o
      5518        292          0         64        200      34204   tasks.o
       728         30          0          8        258       4895   usart1_dma.o

    ----------------------------------------------------------------------
     18484       1014        520        248      22624     363040   Object Totals
         0          0         32          0          0          0   (incl. Generated)
         4          0          0          3          6          0   (incl. Padding)

    ----------------------------------------------------------------------

      Code (inc. data)   RO Data    RW Data    ZI Data      Debug   Library Member Name

         0          0          0          0          0          0   entry.o
         0          0          0          0          0          0   entry10a.o
         0          0          0          0          0          0   entry11a.o
         8          4          0          0          0          0   entry2.o
         4          0          0          0          0          0   entry5.o
         0          0          0          0          0          0   entry7b.o
         0          0          0          0          0          0   entry8b.o
         8          4          0          0          0          0   entry9a.o
        30          0          0          0          0          0   handlers.o
        36          8          0          0          0         68   init.o
         0          0          0          0          0          0   iusefp.o
        36          0          0          0          0         68   memcpya.o
        36          0          0          0          0        108   memseta.o
       372         14          0          0          0        184   printf1.o
        44          0          0          0          0         80   uidiv.o
        20          0          0          0          0         68   cfcmple.o
       176          0          0          0          0        140   fadd.o
       124          0          0          0          0         88   fdiv.o
       110          0          0          0          0        168   fepilogue.o
        50          0          0          0          0         68   ffixi.o
        10          0          0          0          0         68   ffltui.o
       100          0          0          0          0         76   fmul.o

    ----------------------------------------------------------------------
      1168         30          0          0          0       1184   Library Totals
         4          0          0          0          0          0   (incl. Padding)

    ----------------------------------------------------------------------

      Code (inc. data)   RO Data    RW Data    ZI Data      Debug   Library Name

       574         30          0          0          0        508   mc_w.l
       590          0          0          0          0        676   mf_w.l

    ----------------------------------------------------------------------
      1168         30          0          0          0       1184   Library Totals

    ----------------------------------------------------------------------

==============================================================================


      Code (inc. data)   RO Data    RW Data    ZI Data      Debug   

     19652       1044        520        248      22624     361880   Grand Totals
     19652       1044        520        248      22624     361880   ELF Image Totals
     19652       1044        520        248          0          0   ROM Totals

==============================================================================

    Total RO  Size (Code + RO Data)                20172 (  19.70kB)
    Total RW  Size (RW Data + ZI Data)             22872 (  22.34kB)
    Total ROM Size (Code + RO Data + RW Data)      20420 (  19.94kB)

==============================================================================

